Archive member included to satisfy reference by file (symbol)

c:/users/pc/study_doc/vxl/stm32cubeide_1.7.0/stm32cubeide/plugins/com.st.stm32cube.ide.mcu.externaltools.gnu-tools-for-stm32.10.3-2021.10.win32_1.0.100.202210260954/tools/bin/../lib/gcc/arm-none-eabi/10.3.1/../../../../arm-none-eabi/lib/thumb/v7e-m+dp/hard\libc_nano.a(lib_a-errno.o)
                              ./Core/Src/syscalls.o (__errno)
c:/users/pc/study_doc/vxl/stm32cubeide_1.7.0/stm32cubeide/plugins/com.st.stm32cube.ide.mcu.externaltools.gnu-tools-for-stm32.10.3-2021.10.win32_1.0.100.202210260954/tools/bin/../lib/gcc/arm-none-eabi/10.3.1/../../../../arm-none-eabi/lib/thumb/v7e-m+dp/hard\libc_nano.a(lib_a-exit.o)
                              c:/users/pc/study_doc/vxl/stm32cubeide_1.7.0/stm32cubeide/plugins/com.st.stm32cube.ide.mcu.externaltools.gnu-tools-for-stm32.10.3-2021.10.win32_1.0.100.202210260954/tools/bin/../lib/gcc/arm-none-eabi/10.3.1/../../../../arm-none-eabi/lib/thumb/v7e-m+dp/hard/crt0.o (exit)
c:/users/pc/study_doc/vxl/stm32cubeide_1.7.0/stm32cubeide/plugins/com.st.stm32cube.ide.mcu.externaltools.gnu-tools-for-stm32.10.3-2021.10.win32_1.0.100.202210260954/tools/bin/../lib/gcc/arm-none-eabi/10.3.1/../../../../arm-none-eabi/lib/thumb/v7e-m+dp/hard\libc_nano.a(lib_a-impure.o)
                              c:/users/pc/study_doc/vxl/stm32cubeide_1.7.0/stm32cubeide/plugins/com.st.stm32cube.ide.mcu.externaltools.gnu-tools-for-stm32.10.3-2021.10.win32_1.0.100.202210260954/tools/bin/../lib/gcc/arm-none-eabi/10.3.1/../../../../arm-none-eabi/lib/thumb/v7e-m+dp/hard\libc_nano.a(lib_a-exit.o) (_global_impure_ptr)
c:/users/pc/study_doc/vxl/stm32cubeide_1.7.0/stm32cubeide/plugins/com.st.stm32cube.ide.mcu.externaltools.gnu-tools-for-stm32.10.3-2021.10.win32_1.0.100.202210260954/tools/bin/../lib/gcc/arm-none-eabi/10.3.1/../../../../arm-none-eabi/lib/thumb/v7e-m+dp/hard\libc_nano.a(lib_a-init.o)
                              c:/users/pc/study_doc/vxl/stm32cubeide_1.7.0/stm32cubeide/plugins/com.st.stm32cube.ide.mcu.externaltools.gnu-tools-for-stm32.10.3-2021.10.win32_1.0.100.202210260954/tools/bin/../lib/gcc/arm-none-eabi/10.3.1/../../../../arm-none-eabi/lib/thumb/v7e-m+dp/hard/crt0.o (__libc_init_array)
c:/users/pc/study_doc/vxl/stm32cubeide_1.7.0/stm32cubeide/plugins/com.st.stm32cube.ide.mcu.externaltools.gnu-tools-for-stm32.10.3-2021.10.win32_1.0.100.202210260954/tools/bin/../lib/gcc/arm-none-eabi/10.3.1/../../../../arm-none-eabi/lib/thumb/v7e-m+dp/hard\libc_nano.a(lib_a-memset.o)
                              c:/users/pc/study_doc/vxl/stm32cubeide_1.7.0/stm32cubeide/plugins/com.st.stm32cube.ide.mcu.externaltools.gnu-tools-for-stm32.10.3-2021.10.win32_1.0.100.202210260954/tools/bin/../lib/gcc/arm-none-eabi/10.3.1/../../../../arm-none-eabi/lib/thumb/v7e-m+dp/hard/crt0.o (memset)
c:/users/pc/study_doc/vxl/stm32cubeide_1.7.0/stm32cubeide/plugins/com.st.stm32cube.ide.mcu.externaltools.gnu-tools-for-stm32.10.3-2021.10.win32_1.0.100.202210260954/tools/bin/../lib/gcc/arm-none-eabi/10.3.1/../../../../arm-none-eabi/lib/thumb/v7e-m+dp/hard\libc_nano.a(lib_a-sprintf.o)
                              ./Core/Src/mips.o (sprintf)
c:/users/pc/study_doc/vxl/stm32cubeide_1.7.0/stm32cubeide/plugins/com.st.stm32cube.ide.mcu.externaltools.gnu-tools-for-stm32.10.3-2021.10.win32_1.0.100.202210260954/tools/bin/../lib/gcc/arm-none-eabi/10.3.1/../../../../arm-none-eabi/lib/thumb/v7e-m+dp/hard\libc_nano.a(lib_a-strcmp.o)
                              ./Core/Src/mips.o (strcmp)
c:/users/pc/study_doc/vxl/stm32cubeide_1.7.0/stm32cubeide/plugins/com.st.stm32cube.ide.mcu.externaltools.gnu-tools-for-stm32.10.3-2021.10.win32_1.0.100.202210260954/tools/bin/../lib/gcc/arm-none-eabi/10.3.1/../../../../arm-none-eabi/lib/thumb/v7e-m+dp/hard\libc_nano.a(lib_a-strcpy.o)
                              ./Core/Src/mips.o (strcpy)
c:/users/pc/study_doc/vxl/stm32cubeide_1.7.0/stm32cubeide/plugins/com.st.stm32cube.ide.mcu.externaltools.gnu-tools-for-stm32.10.3-2021.10.win32_1.0.100.202210260954/tools/bin/../lib/gcc/arm-none-eabi/10.3.1/../../../../arm-none-eabi/lib/thumb/v7e-m+dp/hard\libc_nano.a(lib_a-strlen.o)
                              ./Core/Src/mips.o (strlen)
c:/users/pc/study_doc/vxl/stm32cubeide_1.7.0/stm32cubeide/plugins/com.st.stm32cube.ide.mcu.externaltools.gnu-tools-for-stm32.10.3-2021.10.win32_1.0.100.202210260954/tools/bin/../lib/gcc/arm-none-eabi/10.3.1/../../../../arm-none-eabi/lib/thumb/v7e-m+dp/hard\libc_nano.a(lib_a-nano-svfprintf.o)
                              c:/users/pc/study_doc/vxl/stm32cubeide_1.7.0/stm32cubeide/plugins/com.st.stm32cube.ide.mcu.externaltools.gnu-tools-for-stm32.10.3-2021.10.win32_1.0.100.202210260954/tools/bin/../lib/gcc/arm-none-eabi/10.3.1/../../../../arm-none-eabi/lib/thumb/v7e-m+dp/hard\libc_nano.a(lib_a-sprintf.o) (_svfprintf_r)
[...]
Memory Configuration

Name             Origin             Length             Attributes
FLASH            0x0000000008000000 0x0000000000200000 xr
DTCMRAM          0x0000000020000000 0x0000000000020000 xrw
RAM_D1           0x0000000024000000 0x0000000000080000 xrw
RAM_D2           0x0000000030000000 0x0000000000048000 xrw
RAM_D3           0x0000000038000000 0x0000000000010000 xrw
ITCMRAM          0x0000000000000000 0x0000000000010000 xrw
*default*        0x0000000000000000 0xffffffffffffffff

Linker script and memory map

LOAD c:/users/pc/study_doc/vxl/stm32cubeide_1.7.0/stm32cubeide/plugins/com.st.stm32cube.ide.mcu.externaltools.gnu-tools-for-stm32.10.3-2021.10.win32_1.0.100.202210260954/tools/bin/../lib/gcc/arm-none-eabi/10.3.1/thumb/v7e-m+dp/hard/crti.o
LOAD c:/users/pc/study_doc/vxl/stm32cubeide_1.7.0/stm32cubeide/plugins/com.st.stm32cube.ide.mcu.externaltools.gnu-tools-for-stm32.10.3-2021.10.win32_1.0.100.202210260954/tools/bin/../lib/gcc/arm-none-eabi/10.3.1/thumb/v7e-m+dp/hard/crtbegin.o
LOAD c:/users/pc/study_doc/vxl/stm32cubeide_1.7.0/stm32cubeide/plugins/com.st.stm32cube.ide.mcu.externaltools.gnu-tools-for-stm32.10.3-2021.10.win32_1.0.100.202210260954/tools/bin/../lib/gcc/arm-none-eabi/10.3.1/../../../../arm-none-eabi/lib/thumb/v7e-m+dp/hard/crt0.o
LOAD ./Core/Src/main.o
LOAD ./Core/Src/mips.o
LOAD ./Core/Src/stm32h7xx_hal_msp.o
LOAD ./Core/Src/stm32h7xx_it.o
LOAD ./Core/Src/syscalls.o
LOAD ./Core/Src/sysmem.o
LOAD ./Core/Src/system_stm32h7xx.o
LOAD ./Core/Src/uart.o
LOAD ./Core/Startup/startup_stm32h743zitx.o
LOAD ./Drivers/STM32H7xx_HAL_Driver/Src/stm32h7xx_hal.o
LOAD ./Drivers/STM32H7xx_HAL_Driver/Src/stm32h7xx_hal_cortex.o
LOAD ./Drivers/STM32H7xx_HAL_Driver/Src/stm32h7xx_hal_dma.o
LOAD ./Drivers/STM32H7xx_HAL_Driver/Src/stm32h7xx_hal_dma_ex.o
LOAD ./Drivers/STM32H7xx_HAL_Driver/Src/stm32h7xx_hal_eth.o
LOAD ./Drivers/STM32H7xx_HAL_Driver/Src/stm32h7xx_hal_eth_ex.o
LOAD ./Drivers/STM32H7xx_HAL_Driver/Src/stm32h7xx_hal_exti.o
LOAD ./Drivers/STM32H7xx_HAL_Driver/Src/stm32h7xx_hal_flash.o
LOAD ./Drivers/STM32H7xx_HAL_Driver/Src/stm32h7xx_hal_flash_ex.o
LOAD ./Drivers/STM32H7xx_HAL_Driver/Src/stm32h7xx_hal_gpio.o
LOAD ./Drivers/STM32H7xx_HAL_Driver/Src/stm32h7xx_hal_hsem.o
LOAD ./Drivers/STM32H7xx_HAL_Driver/Src/stm32h7xx_hal_i2c.o
LOAD ./Drivers/STM32H7xx_HAL_Driver/Src/stm32h7xx_hal_i2c_ex.o
LOAD ./Drivers/STM32H7xx_HAL_Driver/Src/stm32h7xx_hal_mdma.o
LOAD ./Drivers/STM32H7xx_HAL_Driver/Src/stm32h7xx_hal_pcd.o
LOAD ./Drivers/STM32H7xx_HAL_Driver/Src/stm32h7xx_hal_pcd_ex.o
LOAD ./Drivers/STM32H7xx_HAL_Driver/Src/stm32h7xx_hal_pwr.o
LOAD ./Drivers/STM32H7xx_HAL_Driver/Src/stm32h7xx_hal_pwr_ex.o
LOAD ./Drivers/STM32H7xx_HAL_Driver/Src/stm32h7xx_hal_rcc.o
LOAD ./Drivers/STM32H7xx_HAL_Driver/Src/stm32h7xx_hal_rcc_ex.o
LOAD ./Drivers/STM32H7xx_HAL_Driver/Src/stm32h7xx_hal_tim.o
LOAD ./Drivers/STM32H7xx_HAL_Driver/Src/stm32h7xx_hal_tim_ex.o
LOAD ./Drivers/STM32H7xx_HAL_Driver/Src/stm32h7xx_hal_uart.o
LOAD ./Drivers/STM32H7xx_HAL_Driver/Src/stm32h7xx_hal_uart_ex.o
LOAD ./Drivers/STM32H7xx_HAL_Driver/Src/stm32h7xx_ll_usb.o
START GROUP
LOAD c:/users/pc/study_doc/vxl/stm32cubeide_1.7.0/stm32cubeide/plugins/com.st.stm32cube.ide.mcu.externaltools.gnu-tools-for-stm32.10.3-2021.10.win32_1.0.100.202210260954/tools/bin/../lib/gcc/arm-none-eabi/10.3.1/../../../../arm-none-eabi/lib/thumb/v7e-m+dp/hard\libc_nano.a
LOAD c:/users/pc/study_doc/vxl/stm32cubeide_1.7.0/stm32cubeide/plugins/com.st.stm32cube.ide.mcu.externaltools.gnu-tools-for-stm32.10.3-2021.10.win32_1.0.100.202210260954/tools/bin/../lib/gcc/arm-none-eabi/10.3.1/../../../../arm-none-eabi/lib/thumb/v7e-m+dp/hard\libm.a
END GROUP
START GROUP
LOAD c:/users/pc/study_doc/vxl/stm32cubeide_1.7.0/stm32cubeide/plugins/com.st.stm32cube.ide.mcu.externaltools.gnu-tools-for-stm32.10.3-2021.10.win32_1.0.100.202210260954/tools/bin/../lib/gcc/arm-none-eabi/10.3.1/thumb/v7e-m+dp/hard\libgcc.a
LOAD c:/users/pc/study_doc/vxl/stm32cubeide_1.7.0/stm32cubeide/plugins/com.st.stm32cube.ide.mcu.externaltools.gnu-tools-for-stm32.10.3-2021.10.win32_1.0.100.202210260954/tools/bin/../lib/gcc/arm-none-eabi/10.3.1/../../../../arm-none-eabi/lib/thumb/v7e-m+dp/hard\libc_nano.a
END GROUP
START GROUP
LOAD c:/users/pc/study_doc/vxl/stm32cubeide_1.7.0/stm32cubeide/plugins/com.st.stm32cube.ide.mcu.externaltools.gnu-tools-for-stm32.10.3-2021.10.win32_1.0.100.202210260954/tools/bin/../lib/gcc/arm-none-eabi/10.3.1/thumb/v7e-m+dp/hard\libgcc.a
LOAD c:/users/pc/study_doc/vxl/stm32cubeide_1.7.0/stm32cubeide/plugins/com.st.stm32cube.ide.mcu.externaltools.gnu-tools-for-stm32.10.3-2021.10.win32_1.0.100.202210260954/tools/bin/../lib/gcc/arm-none-eabi/10.3.1/../../../../arm-none-eabi/lib/thumb/v7e-m+dp/hard\libc_nano.a
LOAD c:/users/pc/study_doc/vxl/stm32cubeide_1.7.0/stm32cubeide/plugins/com.st.stm32cube.ide.mcu.externaltools.gnu-tools-for-stm32.10.3-2021.10.win32_1.0.100.202210260954/tools/bin/../lib/gcc/arm-none-eabi/10.3.1/../../../../arm-none-eabi/lib/thumb/v7e-m+dp/hard\libnosys.a
END GROUP
START GROUP
LOAD c:/users/pc/study_doc/vxl/stm32cubeide_1.7.0/stm32cubeide/plugins/com.st.stm32cube.ide.mcu.externaltools.gnu-tools-for-stm32.10.3-2021.10.win32_1.0.100.202210260954/tools/bin/../lib/gcc/arm-none-eabi/10.3.1/thumb/v7e-m+dp/hard\libgcc.a
LOAD c:/users/pc/study_doc/vxl/stm32cubeide_1.7.0/stm32cubeide/plugins/com.st.stm32cube.ide.mcu.externaltools.gnu-tools-for-stm32.10.3-2021.10.win32_1.0.100.202210260954/tools/bin/../lib/gcc/arm-none-eabi/10.3.1/../../../../arm-none-eabi/lib/thumb/v7e-m+dp/hard\libc_nano.a
LOAD c:/users/pc/study_doc/vxl/stm32cubeide_1.7.0/stm32cubeide/plugins/com.st.stm32cube.ide.mcu.externaltools.gnu-tools-for-stm32.10.3-2021.10.win32_1.0.100.202210260954/tools/bin/../lib/gcc/arm-none-eabi/10.3.1/../../../../arm-none-eabi/lib/thumb/v7e-m+dp/hard\libnosys.a
END GROUP
LOAD c:/users/pc/study_doc/vxl/stm32cubeide_1.7.0/stm32cubeide/plugins/com.st.stm32cube.ide.mcu.externaltools.gnu-tools-for-stm32.10.3-2021.10.win32_1.0.100.202210260954/tools/bin/../lib/gcc/arm-none-eabi/10.3.1/thumb/v7e-m+dp/hard/crtend.o
LOAD c:/users/pc/study_doc/vxl/stm32cubeide_1.7.0/stm32cubeide/plugins/com.st.stm32cube.ide.mcu.externaltools.gnu-tools-for-stm32.10.3-2021.10.win32_1.0.100.202210260954/tools/bin/../lib/gcc/arm-none-eabi/10.3.1/thumb/v7e-m+dp/hard/crtn.o
                0x0000000024080000                _estack = (ORIGIN (RAM_D1) + LENGTH (RAM_D1))
                0x0000000000000200                _Min_Heap_Size = 0x200
                0x0000000000000400                _Min_Stack_Size = 0x400

.isr_vector     0x0000000008000000      0x298
                0x0000000008000000                . = ALIGN (0x4)
 *(.isr_vector)
 .isr_vector    0x0000000008000000      0x298 ./Core/Startup/startup_stm32h743zitx.o
                0x0000000008000000                g_pfnVectors
                0x0000000008000298                . = ALIGN (0x4)

.text           0x00000000080002a0     0xa9d4
                0x00000000080002a0                . = ALIGN (0x4)
 *(.text)
 .text          0x00000000080002a0       0x40 c:/users/pc/study_doc/vxl/stm32cubeide_1.7.0/stm32cubeide/plugins/com.st.stm32cube.ide.mcu.externaltools.gnu-tools-for-stm32.10.3-2021.10.win32_1.0.100.202210260954/tools/bin/../lib/gcc/arm-none-eabi/10.3.1/thumb/v7e-m+dp/hard/crtbegin.o
 .text          0x00000000080002e0       0x14 c:/users/pc/study_doc/vxl/stm32cubeide_1.7.0/stm32cubeide/plugins/com.st.stm32cube.ide.mcu.externaltools.gnu-tools-for-stm32.10.3-2021.10.win32_1.0.100.202210260954/tools/bin/../lib/gcc/arm-none-eabi/10.3.1/../../../../arm-none-eabi/lib/thumb/v7e-m+dp/hard\libc_nano.a(lib_a-strcmp.o)
                0x00000000080002e0                strcmp
 .text          0x00000000080002f4       0x10 c:/users/pc/study_doc/vxl/stm32cubeide_1.7.0/stm32cubeide/plugins/com.st.stm32cube.ide.mcu.externaltools.gnu-tools-for-stm32.10.3-2021.10.win32_1.0.100.202210260954/tools/bin/../lib/gcc/arm-none-eabi/10.3.1/../../../../arm-none-eabi/lib/thumb/v7e-m+dp/hard\libc_nano.a(lib_a-strlen.o)
                0x00000000080002f4                strlen
 *fill*         0x0000000008000304        0xc 
 .text          0x0000000008000310       0xa0 c:/users/pc/study_doc/vxl/stm32cubeide_1.7.0/stm32cubeide/plugins/com.st.stm32cube.ide.mcu.externaltools.gnu-tools-for-stm32.10.3-2021.10.win32_1.0.100.202210260954/tools/bin/../lib/gcc/arm-none-eabi/10.3.1/../../../../arm-none-eabi/lib/thumb/v7e-m+dp/hard\libc_nano.a(lib_a-memchr.o)
                0x0000000008000310                memchr
 .text          0x00000000080003b0       0x30 c:/users/pc/study_doc/vxl/stm32cubeide_1.7.0/stm32cubeide/plugins/com.st.stm32cube.ide.mcu.externaltools.gnu-tools-for-stm32.10.3-2021.10.win32_1.0.100.202210260954/tools/bin/../lib/gcc/arm-none-eabi/10.3.1/thumb/v7e-m+dp/hard\libgcc.a(_aeabi_uldivmod.o)
                0x00000000080003b0                __aeabi_uldivmod
 .text          0x00000000080003e0      0x2d0 c:/users/pc/study_doc/vxl/stm32cubeide_1.7.0/stm32cubeide/plugins/com.st.stm32cube.ide.mcu.externaltools.gnu-tools-for-stm32.10.3-2021.10.win32_1.0.100.202210260954/tools/bin/../lib/gcc/arm-none-eabi/10.3.1/thumb/v7e-m+dp/hard\libgcc.a(_udivmoddi4.o)
                0x00000000080003e0                __udivmoddi4
 .text          0x00000000080006b0        0x4 c:/users/pc/study_doc/vxl/stm32cubeide_1.7.0/stm32cubeide/plugins/com.st.stm32cube.ide.mcu.externaltools.gnu-tools-for-stm32.10.3-2021.10.win32_1.0.100.202210260954/tools/bin/../lib/gcc/arm-none-eabi/10.3.1/thumb/v7e-m+dp/hard\libgcc.a(_dvmd_tls.o)
                0x00000000080006b0                __aeabi_idiv0
                0x00000000080006b0                __aeabi_ldiv0
 *(.text*)
 .text.HAL_UART_RxCpltCallback
                0x00000000080006b4       0x5c ./Core/Src/main.o
                0x00000000080006b4                HAL_UART_RxCpltCallback
 .text.main     0x0000000008000710       0x68 ./Core/Src/main.o
                0x0000000008000710                main
 .text.SystemClock_Config
                0x0000000008000778      0x100 ./Core/Src/main.o
                0x0000000008000778                SystemClock_Config
 .text.MX_ETH_Init
                0x0000000008000878       0x98 ./Core/Src/main.o
 .text.MX_USART3_UART_Init
                0x0000000008000910       0x98 ./Core/Src/main.o
 .text.MX_USB_OTG_FS_PCD_Init
                0x00000000080009a8       0x64 ./Core/Src/main.o
 .text.MX_GPIO_Init
                0x0000000008000a0c      0x1b8 ./Core/Src/main.o
 .text.Error_Handler
                0x0000000008000bc4        0xa ./Core/Src/main.o
                0x0000000008000bc4                Error_Handler
 *fill*         0x0000000008000bce        0x2 
 .text.inst_en_queue
                0x0000000008000bd0       0x34 ./Core/Src/mips.o
                0x0000000008000bd0                inst_en_queue
 .text.substr   0x0000000008000c04       0x5a ./Core/Src/mips.o
                0x0000000008000c04                substr
 .text.binToDec_signed
                0x0000000008000c5e       0x6e ./Core/Src/mips.o
                0x0000000008000c5e                binToDec_signed
 .text.binToDec_unsigned
                0x0000000008000ccc       0x4e ./Core/Src/mips.o
                0x0000000008000ccc                binToDec_unsigned
 *fill*         0x0000000008000d1a        0x2 
 .text.emulator
                0x0000000008000d1c     0x1344 ./Core/Src/mips.o
                0x0000000008000d1c                emulator
 .text.HAL_MspInit
                0x0000000008002060       0x34 ./Core/Src/stm32h7xx_hal_msp.o
                0x0000000008002060                HAL_MspInit
 .text.HAL_ETH_MspInit
                0x0000000008002094      0x19c ./Core/Src/stm32h7xx_hal_msp.o
                0x0000000008002094                HAL_ETH_MspInit
 .text.HAL_UART_MspInit
                0x0000000008002230       0xe4 ./Core/Src/stm32h7xx_hal_msp.o
                0x0000000008002230                HAL_UART_MspInit
 .text.HAL_PCD_MspInit
                0x0000000008002314       0xf8 ./Core/Src/stm32h7xx_hal_msp.o
                0x0000000008002314                HAL_PCD_MspInit
 .text.NMI_Handler
                0x000000000800240c        0x6 ./Core/Src/stm32h7xx_it.o
                0x000000000800240c                NMI_Handler
 .text.HardFault_Handler
                0x0000000008002412        0x6 ./Core/Src/stm32h7xx_it.o
                0x0000000008002412                HardFault_Handler
 .text.MemManage_Handler
                0x0000000008002418        0x6 ./Core/Src/stm32h7xx_it.o
                0x0000000008002418                MemManage_Handler
 .text.BusFault_Handler
                0x000000000800241e        0x6 ./Core/Src/stm32h7xx_it.o
                0x000000000800241e                BusFault_Handler
 .text.UsageFault_Handler
                0x0000000008002424        0x6 ./Core/Src/stm32h7xx_it.o
                0x0000000008002424                UsageFault_Handler
 .text.SVC_Handler
                0x000000000800242a        0xe ./Core/Src/stm32h7xx_it.o
                0x000000000800242a                SVC_Handler
 .text.DebugMon_Handler
                0x0000000008002438        0xe ./Core/Src/stm32h7xx_it.o
                0x0000000008002438                DebugMon_Handler
 .text.PendSV_Handler
                0x0000000008002446        0xe ./Core/Src/stm32h7xx_it.o
                0x0000000008002446                PendSV_Handler
 .text.SysTick_Handler
                0x0000000008002454        0xc ./Core/Src/stm32h7xx_it.o
                0x0000000008002454                SysTick_Handler
 .text.USART3_IRQHandler
                0x0000000008002460       0x14 ./Core/Src/stm32h7xx_it.o
                0x0000000008002460                USART3_IRQHandler
 .text._sbrk    0x0000000008002474       0x6c ./Core/Src/sysmem.o
                0x0000000008002474                _sbrk
 .text.SystemInit
                0x00000000080024e0      0x110 ./Core/Src/system_stm32h7xx.o
                0x00000000080024e0                SystemInit
 .text.command_parser
                0x00000000080025f0      0x44c ./Core/Src/uart.o
                0x00000000080025f0                command_parser
 .text.uart_communication
                0x0000000008002a3c       0x2c ./Core/Src/uart.o
                0x0000000008002a3c                uart_communication
 .text.Reset_Handler
                0x0000000008002a68       0x50 ./Core/Startup/startup_stm32h743zitx.o
                0x0000000008002a68                Reset_Handler
 .text.Default_Handler
                0x0000000008002ab8        0x2 ./Core/Startup/startup_stm32h743zitx.o
                0x0000000008002ab8                RTC_Alarm_IRQHandler
                0x0000000008002ab8                EXTI2_IRQHandler
                0x0000000008002ab8                TIM8_CC_IRQHandler
                0x0000000008002ab8                HRTIM1_Master_IRQHandler
                0x0000000008002ab8                UART8_IRQHandler
                0x0000000008002ab8                SPI4_IRQHandler
                0x0000000008002ab8                TIM1_CC_IRQHandler
                0x0000000008002ab8                BDMA_Channel6_IRQHandler
                0x0000000008002ab8                DMA2_Stream5_IRQHandler
                0x0000000008002ab8                HRTIM1_FLT_IRQHandler
                0x0000000008002ab8                JPEG_IRQHandler
                0x0000000008002ab8                DMA1_Stream5_IRQHandler
                0x0000000008002ab8                BDMA_Channel1_IRQHandler
                0x0000000008002ab8                HRTIM1_TIMD_IRQHandler
                0x0000000008002ab8                TAMP_STAMP_IRQHandler
                0x0000000008002ab8                EXTI3_IRQHandler
                0x0000000008002ab8                LPTIM4_IRQHandler
                0x0000000008002ab8                TIM8_TRG_COM_TIM14_IRQHandler
                0x0000000008002ab8                LPTIM2_IRQHandler
                0x0000000008002ab8                DFSDM1_FLT1_IRQHandler
                0x0000000008002ab8                DMAMUX2_OVR_IRQHandler
                0x0000000008002ab8                TIM8_UP_TIM13_IRQHandler
                0x0000000008002ab8                I2C3_ER_IRQHandler
                0x0000000008002ab8                DFSDM1_FLT2_IRQHandler
                0x0000000008002ab8                MDMA_IRQHandler
                0x0000000008002ab8                LPTIM3_IRQHandler
                0x0000000008002ab8                HSEM1_IRQHandler
                0x0000000008002ab8                EXTI0_IRQHandler
                0x0000000008002ab8                I2C2_EV_IRQHandler
                0x0000000008002ab8                DMA1_Stream2_IRQHandler
                0x0000000008002ab8                FPU_IRQHandler
                0x0000000008002ab8                OTG_HS_WKUP_IRQHandler
                0x0000000008002ab8                FDCAN1_IT1_IRQHandler
                0x0000000008002ab8                LTDC_ER_IRQHandler
                0x0000000008002ab8                DMA2_Stream2_IRQHandler
                0x0000000008002ab8                HRTIM1_TIME_IRQHandler
                0x0000000008002ab8                SPI1_IRQHandler
                0x0000000008002ab8                TIM6_DAC_IRQHandler
                0x0000000008002ab8                DCMI_IRQHandler
                0x0000000008002ab8                HRTIM1_TIMC_IRQHandler
                0x0000000008002ab8                DMA2_Stream3_IRQHandler
                0x0000000008002ab8                SAI2_IRQHandler
                0x0000000008002ab8                DFSDM1_FLT3_IRQHandler
                0x0000000008002ab8                USART6_IRQHandler
                0x0000000008002ab8                TIM17_IRQHandler
                0x0000000008002ab8                BDMA_Channel7_IRQHandler
                0x0000000008002ab8                LPTIM5_IRQHandler
                0x0000000008002ab8                UART5_IRQHandler
                0x0000000008002ab8                ADC3_IRQHandler
                0x0000000008002ab8                DMA2_Stream0_IRQHandler
                0x0000000008002ab8                TIM4_IRQHandler
                0x0000000008002ab8                BDMA_Channel2_IRQHandler
                0x0000000008002ab8                QUADSPI_IRQHandler
                0x0000000008002ab8                I2C1_EV_IRQHandler
                0x0000000008002ab8                DMA1_Stream6_IRQHandler
                0x0000000008002ab8                DMAMUX1_OVR_IRQHandler
                0x0000000008002ab8                DMA1_Stream1_IRQHandler
                0x0000000008002ab8                TIM16_IRQHandler
                0x0000000008002ab8                UART4_IRQHandler
                0x0000000008002ab8                BDMA_Channel5_IRQHandler
                0x0000000008002ab8                TIM3_IRQHandler
                0x0000000008002ab8                RCC_IRQHandler
                0x0000000008002ab8                TIM8_BRK_TIM12_IRQHandler
                0x0000000008002ab8                TIM1_TRG_COM_IRQHandler
                0x0000000008002ab8                Default_Handler
                0x0000000008002ab8                ECC_IRQHandler
                0x0000000008002ab8                CEC_IRQHandler
                0x0000000008002ab8                EXTI15_10_IRQHandler
                0x0000000008002ab8                BDMA_Channel0_IRQHandler
                0x0000000008002ab8                ADC_IRQHandler
                0x0000000008002ab8                DMA1_Stream7_IRQHandler
                0x0000000008002ab8                HRTIM1_TIMA_IRQHandler
                0x0000000008002ab8                SPI5_IRQHandler
                0x0000000008002ab8                TIM7_IRQHandler
                0x0000000008002ab8                SDMMC1_IRQHandler
                0x0000000008002ab8                TIM5_IRQHandler
                0x0000000008002ab8                DMA2_Stream7_IRQHandler
                0x0000000008002ab8                TIM15_IRQHandler
                0x0000000008002ab8                PVD_AVD_IRQHandler
                0x0000000008002ab8                I2C3_EV_IRQHandler
                0x0000000008002ab8                EXTI9_5_IRQHandler
                0x0000000008002ab8                RTC_WKUP_IRQHandler
                0x0000000008002ab8                LTDC_IRQHandler
                0x0000000008002ab8                SAI3_IRQHandler
                0x0000000008002ab8                ETH_WKUP_IRQHandler
                0x0000000008002ab8                SPDIF_RX_IRQHandler
                0x0000000008002ab8                SPI2_IRQHandler
                0x0000000008002ab8                OTG_HS_EP1_IN_IRQHandler
                0x0000000008002ab8                DMA1_Stream0_IRQHandler
                0x0000000008002ab8                CRS_IRQHandler
                0x0000000008002ab8                EXTI4_IRQHandler
                0x0000000008002ab8                RNG_IRQHandler
                0x0000000008002ab8                HRTIM1_TIMB_IRQHandler
                0x0000000008002ab8                FDCAN2_IT1_IRQHandler
                0x0000000008002ab8                ETH_IRQHandler
                0x0000000008002ab8                TIM1_UP_IRQHandler
                0x0000000008002ab8                BDMA_Channel4_IRQHandler
                0x0000000008002ab8                OTG_HS_EP1_OUT_IRQHandler
                0x0000000008002ab8                WWDG_IRQHandler
                0x0000000008002ab8                SPI6_IRQHandler
                0x0000000008002ab8                MDIOS_IRQHandler
                0x0000000008002ab8                I2C4_EV_IRQHandler
                0x0000000008002ab8                FDCAN2_IT0_IRQHandler
                0x0000000008002ab8                LPUART1_IRQHandler
                0x0000000008002ab8                FDCAN1_IT0_IRQHandler
                0x0000000008002ab8                TIM2_IRQHandler
                0x0000000008002ab8                OTG_FS_WKUP_IRQHandler
                0x0000000008002ab8                OTG_HS_IRQHandler
                0x0000000008002ab8                DMA2D_IRQHandler
                0x0000000008002ab8                TIM1_BRK_IRQHandler
                0x0000000008002ab8                EXTI1_IRQHandler
                0x0000000008002ab8                SDMMC2_IRQHandler
                0x0000000008002ab8                OTG_FS_EP1_OUT_IRQHandler
                0x0000000008002ab8                BDMA_Channel3_IRQHandler
                0x0000000008002ab8                UART7_IRQHandler
                0x0000000008002ab8                MDIOS_WKUP_IRQHandler
                0x0000000008002ab8                USART2_IRQHandler
                0x0000000008002ab8                DFSDM1_FLT0_IRQHandler
                0x0000000008002ab8                SAI4_IRQHandler
                0x0000000008002ab8                I2C2_ER_IRQHandler
                0x0000000008002ab8                DMA2_Stream1_IRQHandler
                0x0000000008002ab8                FLASH_IRQHandler
                0x0000000008002ab8                DMA2_Stream4_IRQHandler
                0x0000000008002ab8                USART1_IRQHandler
                0x0000000008002ab8                OTG_FS_IRQHandler
                0x0000000008002ab8                SPI3_IRQHandler
                0x0000000008002ab8                WAKEUP_PIN_IRQHandler
                0x0000000008002ab8                DMA1_Stream4_IRQHandler
                0x0000000008002ab8                OTG_FS_EP1_IN_IRQHandler
                0x0000000008002ab8                I2C1_ER_IRQHandler
                0x0000000008002ab8                FMC_IRQHandler
                0x0000000008002ab8                FDCAN_CAL_IRQHandler
                0x0000000008002ab8                SWPMI1_IRQHandler
                0x0000000008002ab8                COMP1_IRQHandler
                0x0000000008002ab8                LPTIM1_IRQHandler
                0x0000000008002ab8                I2C4_ER_IRQHandler
                0x0000000008002ab8                DMA2_Stream6_IRQHandler
                0x0000000008002ab8                SAI1_IRQHandler
                0x0000000008002ab8                DMA1_Stream3_IRQHandler
 *fill*         0x0000000008002aba        0x2 
 .text.HAL_Init
                0x0000000008002abc       0x78 ./Drivers/STM32H7xx_HAL_Driver/Src/stm32h7xx_hal.o
                0x0000000008002abc                HAL_Init
 .text.HAL_InitTick
                0x0000000008002b34       0x6c ./Drivers/STM32H7xx_HAL_Driver/Src/stm32h7xx_hal.o
                0x0000000008002b34                HAL_InitTick
 .text.HAL_IncTick
                0x0000000008002ba0       0x28 ./Drivers/STM32H7xx_HAL_Driver/Src/stm32h7xx_hal.o
                0x0000000008002ba0                HAL_IncTick
 .text.HAL_GetTick
                0x0000000008002bc8       0x18 ./Drivers/STM32H7xx_HAL_Driver/Src/stm32h7xx_hal.o
                0x0000000008002bc8                HAL_GetTick
 .text.HAL_Delay
                0x0000000008002be0       0x48 ./Drivers/STM32H7xx_HAL_Driver/Src/stm32h7xx_hal.o
                0x0000000008002be0                HAL_Delay
 .text.HAL_GetREVID
                0x0000000008002c28       0x18 ./Drivers/STM32H7xx_HAL_Driver/Src/stm32h7xx_hal.o
                0x0000000008002c28                HAL_GetREVID
 .text.HAL_SYSCFG_ETHInterfaceSelect
                0x0000000008002c40       0x28 ./Drivers/STM32H7xx_HAL_Driver/Src/stm32h7xx_hal.o
                0x0000000008002c40                HAL_SYSCFG_ETHInterfaceSelect
 .text.__NVIC_SetPriorityGrouping
                0x0000000008002c68       0x48 ./Drivers/STM32H7xx_HAL_Driver/Src/stm32h7xx_hal_cortex.o
 .text.__NVIC_GetPriorityGrouping
                0x0000000008002cb0       0x1c ./Drivers/STM32H7xx_HAL_Driver/Src/stm32h7xx_hal_cortex.o
 .text.__NVIC_EnableIRQ
                0x0000000008002ccc       0x3c ./Drivers/STM32H7xx_HAL_Driver/Src/stm32h7xx_hal_cortex.o
 .text.__NVIC_SetPriority
                0x0000000008002d08       0x54 ./Drivers/STM32H7xx_HAL_Driver/Src/stm32h7xx_hal_cortex.o
 .text.NVIC_EncodePriority
                0x0000000008002d5c       0x66 ./Drivers/STM32H7xx_HAL_Driver/Src/stm32h7xx_hal_cortex.o
 *fill*         0x0000000008002dc2        0x2 
 .text.SysTick_Config
                0x0000000008002dc4       0x44 ./Drivers/STM32H7xx_HAL_Driver/Src/stm32h7xx_hal_cortex.o
 .text.HAL_NVIC_SetPriorityGrouping
                0x0000000008002e08       0x16 ./Drivers/STM32H7xx_HAL_Driver/Src/stm32h7xx_hal_cortex.o
                0x0000000008002e08                HAL_NVIC_SetPriorityGrouping
 .text.HAL_NVIC_SetPriority
                0x0000000008002e1e       0x34 ./Drivers/STM32H7xx_HAL_Driver/Src/stm32h7xx_hal_cortex.o
                0x0000000008002e1e                HAL_NVIC_SetPriority
 .text.HAL_NVIC_EnableIRQ
                0x0000000008002e52       0x1c ./Drivers/STM32H7xx_HAL_Driver/Src/stm32h7xx_hal_cortex.o
                0x0000000008002e52                HAL_NVIC_EnableIRQ
 .text.HAL_SYSTICK_Config
                0x0000000008002e6e       0x18 ./Drivers/STM32H7xx_HAL_Driver/Src/stm32h7xx_hal_cortex.o
                0x0000000008002e6e                HAL_SYSTICK_Config
 *fill*         0x0000000008002e86        0x2 
 .text.HAL_DMA_Abort
                0x0000000008002e88      0x63c ./Drivers/STM32H7xx_HAL_Driver/Src/stm32h7xx_hal_dma.o
                0x0000000008002e88                HAL_DMA_Abort
 .text.HAL_DMA_Abort_IT
                0x00000000080034c4      0x48c ./Drivers/STM32H7xx_HAL_Driver/Src/stm32h7xx_hal_dma.o
                0x00000000080034c4                HAL_DMA_Abort_IT
 .text.HAL_ETH_Init
                0x0000000008003950      0x1cc ./Drivers/STM32H7xx_HAL_Driver/Src/stm32h7xx_hal_eth.o
                0x0000000008003950                HAL_ETH_Init
 .text.HAL_ETH_SetMDIOClockRange
                0x0000000008003b1c       0xb0 ./Drivers/STM32H7xx_HAL_Driver/Src/stm32h7xx_hal_eth.o
                0x0000000008003b1c                HAL_ETH_SetMDIOClockRange
 .text.ETH_SetMACConfig
                0x0000000008003bcc      0x238 ./Drivers/STM32H7xx_HAL_Driver/Src/stm32h7xx_hal_eth.o
 .text.ETH_SetDMAConfig
                0x0000000008003e04      0x10c ./Drivers/STM32H7xx_HAL_Driver/Src/stm32h7xx_hal_eth.o
 .text.ETH_MACDMAConfig
                0x0000000008003f10      0x13a ./Drivers/STM32H7xx_HAL_Driver/Src/stm32h7xx_hal_eth.o
 .text.ETH_DMATxDescListInit
                0x000000000800404a       0x92 ./Drivers/STM32H7xx_HAL_Driver/Src/stm32h7xx_hal_eth.o
 .text.ETH_DMARxDescListInit
                0x00000000080040dc       0xba ./Drivers/STM32H7xx_HAL_Driver/Src/stm32h7xx_hal_eth.o
 *fill*         0x0000000008004196        0x2 
 .text.HAL_GPIO_Init
                0x0000000008004198      0x360 ./Drivers/STM32H7xx_HAL_Driver/Src/stm32h7xx_hal_gpio.o
                0x0000000008004198                HAL_GPIO_Init
 .text.HAL_GPIO_WritePin
                0x00000000080044f8       0x32 ./Drivers/STM32H7xx_HAL_Driver/Src/stm32h7xx_hal_gpio.o
                0x00000000080044f8                HAL_GPIO_WritePin
 .text.HAL_GPIO_TogglePin
                0x000000000800452a       0x34 ./Drivers/STM32H7xx_HAL_Driver/Src/stm32h7xx_hal_gpio.o
                0x000000000800452a                HAL_GPIO_TogglePin
 .text.HAL_PCD_Init
                0x000000000800455e      0x248 ./Drivers/STM32H7xx_HAL_Driver/Src/stm32h7xx_hal_pcd.o
                0x000000000800455e                HAL_PCD_Init
 *fill*         0x00000000080047a6        0x2 
 .text.HAL_PCDEx_ActivateLPM
                0x00000000080047a8       0x48 ./Drivers/STM32H7xx_HAL_Driver/Src/stm32h7xx_hal_pcd_ex.o
                0x00000000080047a8                HAL_PCDEx_ActivateLPM
 .text.HAL_PWREx_ConfigSupply
                0x00000000080047f0       0x74 ./Drivers/STM32H7xx_HAL_Driver/Src/stm32h7xx_hal_pwr_ex.o
                0x00000000080047f0                HAL_PWREx_ConfigSupply
 .text.HAL_PWREx_EnableUSBVoltageDetector
                0x0000000008004864       0x20 ./Drivers/STM32H7xx_HAL_Driver/Src/stm32h7xx_hal_pwr_ex.o
                0x0000000008004864                HAL_PWREx_EnableUSBVoltageDetector
 .text.HAL_RCC_OscConfig
                0x0000000008004884      0x8b4 ./Drivers/STM32H7xx_HAL_Driver/Src/stm32h7xx_hal_rcc.o
                0x0000000008004884                HAL_RCC_OscConfig
 .text.HAL_RCC_ClockConfig
                0x0000000008005138      0x36c ./Drivers/STM32H7xx_HAL_Driver/Src/stm32h7xx_hal_rcc.o
                0x0000000008005138                HAL_RCC_ClockConfig
 .text.HAL_RCC_GetSysClockFreq
                0x00000000080054a4      0x2f4 ./Drivers/STM32H7xx_HAL_Driver/Src/stm32h7xx_hal_rcc.o
                0x00000000080054a4                HAL_RCC_GetSysClockFreq
 .text.HAL_RCC_GetHCLKFreq
                0x0000000008005798       0x60 ./Drivers/STM32H7xx_HAL_Driver/Src/stm32h7xx_hal_rcc.o
                0x0000000008005798                HAL_RCC_GetHCLKFreq
 .text.HAL_RCC_GetPCLK1Freq
                0x00000000080057f8       0x2c ./Drivers/STM32H7xx_HAL_Driver/Src/stm32h7xx_hal_rcc.o
                0x00000000080057f8                HAL_RCC_GetPCLK1Freq
 .text.HAL_RCC_GetPCLK2Freq
                0x0000000008005824       0x2c ./Drivers/STM32H7xx_HAL_Driver/Src/stm32h7xx_hal_rcc.o
                0x0000000008005824                HAL_RCC_GetPCLK2Freq
 .text.HAL_RCCEx_PeriphCLKConfig
                0x0000000008005850     0x1414 ./Drivers/STM32H7xx_HAL_Driver/Src/stm32h7xx_hal_rcc_ex.o
                0x0000000008005850                HAL_RCCEx_PeriphCLKConfig
 .text.HAL_RCCEx_GetD3PCLK1Freq
                0x0000000008006c64       0x2c ./Drivers/STM32H7xx_HAL_Driver/Src/stm32h7xx_hal_rcc_ex.o
                0x0000000008006c64                HAL_RCCEx_GetD3PCLK1Freq
 .text.HAL_RCCEx_GetPLL2ClockFreq
                0x0000000008006c90      0x2a8 ./Drivers/STM32H7xx_HAL_Driver/Src/stm32h7xx_hal_rcc_ex.o
                0x0000000008006c90                HAL_RCCEx_GetPLL2ClockFreq
 .text.HAL_RCCEx_GetPLL3ClockFreq
                0x0000000008006f38      0x2a8 ./Drivers/STM32H7xx_HAL_Driver/Src/stm32h7xx_hal_rcc_ex.o
                0x0000000008006f38                HAL_RCCEx_GetPLL3ClockFreq
 .text.RCCEx_PLL2_Config
                0x00000000080071e0      0x164 ./Drivers/STM32H7xx_HAL_Driver/Src/stm32h7xx_hal_rcc_ex.o
 .text.RCCEx_PLL3_Config
                0x0000000008007344      0x164 ./Drivers/STM32H7xx_HAL_Driver/Src/stm32h7xx_hal_rcc_ex.o
 .text.HAL_UART_Init
                0x00000000080074a8       0xa0 ./Drivers/STM32H7xx_HAL_Driver/Src/stm32h7xx_hal_uart.o
                0x00000000080074a8                HAL_UART_Init
 .text.HAL_UART_Transmit
                0x0000000008007548      0x11c ./Drivers/STM32H7xx_HAL_Driver/Src/stm32h7xx_hal_uart.o
                0x0000000008007548                HAL_UART_Transmit
 .text.HAL_UART_Receive_IT
                0x0000000008007664       0x98 ./Drivers/STM32H7xx_HAL_Driver/Src/stm32h7xx_hal_uart.o
                0x0000000008007664                HAL_UART_Receive_IT
 .text.HAL_UART_IRQHandler
                0x00000000080076fc      0x774 ./Drivers/STM32H7xx_HAL_Driver/Src/stm32h7xx_hal_uart.o
                0x00000000080076fc                HAL_UART_IRQHandler
 .text.HAL_UART_TxCpltCallback
                0x0000000008007e70       0x14 ./Drivers/STM32H7xx_HAL_Driver/Src/stm32h7xx_hal_uart.o
                0x0000000008007e70                HAL_UART_TxCpltCallback
 .text.HAL_UART_ErrorCallback
                0x0000000008007e84       0x14 ./Drivers/STM32H7xx_HAL_Driver/Src/stm32h7xx_hal_uart.o
                0x0000000008007e84                HAL_UART_ErrorCallback
 .text.HAL_UARTEx_RxEventCallback
                0x0000000008007e98       0x18 ./Drivers/STM32H7xx_HAL_Driver/Src/stm32h7xx_hal_uart.o
                0x0000000008007e98                HAL_UARTEx_RxEventCallback
 .text.UART_SetConfig
                0x0000000008007eb0      0xad0 ./Drivers/STM32H7xx_HAL_Driver/Src/stm32h7xx_hal_uart.o
                0x0000000008007eb0                UART_SetConfig
 .text.UART_AdvFeatureConfig
                0x0000000008008980      0x144 ./Drivers/STM32H7xx_HAL_Driver/Src/stm32h7xx_hal_uart.o
                0x0000000008008980                UART_AdvFeatureConfig
 .text.UART_CheckIdleState
                0x0000000008008ac4      0x154 ./Drivers/STM32H7xx_HAL_Driver/Src/stm32h7xx_hal_uart.o
                0x0000000008008ac4                UART_CheckIdleState
 .text.UART_WaitOnFlagUntilTimeout
                0x0000000008008c18       0xce ./Drivers/STM32H7xx_HAL_Driver/Src/stm32h7xx_hal_uart.o
                0x0000000008008c18                UART_WaitOnFlagUntilTimeout
 *fill*         0x0000000008008ce6        0x2 
 .text.UART_Start_Receive_IT
                0x0000000008008ce8      0x244 ./Drivers/STM32H7xx_HAL_Driver/Src/stm32h7xx_hal_uart.o
                0x0000000008008ce8                UART_Start_Receive_IT
 .text.UART_EndRxTransfer
                0x0000000008008f2c       0xcc ./Drivers/STM32H7xx_HAL_Driver/Src/stm32h7xx_hal_uart.o
 .text.UART_DMAAbortOnError
                0x0000000008008ff8       0x2c ./Drivers/STM32H7xx_HAL_Driver/Src/stm32h7xx_hal_uart.o
 .text.UART_EndTransmit_IT
                0x0000000008009024       0x56 ./Drivers/STM32H7xx_HAL_Driver/Src/stm32h7xx_hal_uart.o
 *fill*         0x000000000800907a        0x2 
 .text.UART_RxISR_8BIT
                0x000000000800907c      0x1b8 ./Drivers/STM32H7xx_HAL_Driver/Src/stm32h7xx_hal_uart.o
 .text.UART_RxISR_16BIT
                0x0000000008009234      0x1b8 ./Drivers/STM32H7xx_HAL_Driver/Src/stm32h7xx_hal_uart.o
 .text.UART_RxISR_8BIT_FIFOEN
                0x00000000080093ec      0x360 ./Drivers/STM32H7xx_HAL_Driver/Src/stm32h7xx_hal_uart.o
 .text.UART_RxISR_16BIT_FIFOEN
                0x000000000800974c      0x368 ./Drivers/STM32H7xx_HAL_Driver/Src/stm32h7xx_hal_uart.o
 .text.HAL_UARTEx_WakeupCallback
                0x0000000008009ab4       0x14 ./Drivers/STM32H7xx_HAL_Driver/Src/stm32h7xx_hal_uart_ex.o
                0x0000000008009ab4                HAL_UARTEx_WakeupCallback
 .text.HAL_UARTEx_RxFifoFullCallback
                0x0000000008009ac8       0x14 ./Drivers/STM32H7xx_HAL_Driver/Src/stm32h7xx_hal_uart_ex.o
                0x0000000008009ac8                HAL_UARTEx_RxFifoFullCallback
 .text.HAL_UARTEx_TxFifoEmptyCallback
                0x0000000008009adc       0x14 ./Drivers/STM32H7xx_HAL_Driver/Src/stm32h7xx_hal_uart_ex.o
                0x0000000008009adc                HAL_UARTEx_TxFifoEmptyCallback
 .text.HAL_UARTEx_DisableFifoMode
                0x0000000008009af0       0x72 ./Drivers/STM32H7xx_HAL_Driver/Src/stm32h7xx_hal_uart_ex.o
                0x0000000008009af0                HAL_UARTEx_DisableFifoMode
 .text.HAL_UARTEx_SetTxFifoThreshold
                0x0000000008009b62       0x7c ./Drivers/STM32H7xx_HAL_Driver/Src/stm32h7xx_hal_uart_ex.o
                0x0000000008009b62                HAL_UARTEx_SetTxFifoThreshold
 .text.HAL_UARTEx_SetRxFifoThreshold
                0x0000000008009bde       0x7c ./Drivers/STM32H7xx_HAL_Driver/Src/stm32h7xx_hal_uart_ex.o
                0x0000000008009bde                HAL_UARTEx_SetRxFifoThreshold
 *fill*         0x0000000008009c5a        0x2 
 .text.UARTEx_SetNbDataToProcess
                0x0000000008009c5c       0x9c ./Drivers/STM32H7xx_HAL_Driver/Src/stm32h7xx_hal_uart_ex.o
 .text.USB_CoreInit
                0x0000000008009cf8       0xdc ./Drivers/STM32H7xx_HAL_Driver/Src/stm32h7xx_ll_usb.o
                0x0000000008009cf8                USB_CoreInit
 .text.USB_DisableGlobalInt
                0x0000000008009dd4       0x22 ./Drivers/STM32H7xx_HAL_Driver/Src/stm32h7xx_ll_usb.o
                0x0000000008009dd4                USB_DisableGlobalInt
 .text.USB_SetCurrentMode
                0x0000000008009df6       0x98 ./Drivers/STM32H7xx_HAL_Driver/Src/stm32h7xx_ll_usb.o
                0x0000000008009df6                USB_SetCurrentMode
 *fill*         0x0000000008009e8e        0x2 
 .text.USB_DevInit
                0x0000000008009e90      0x2bc ./Drivers/STM32H7xx_HAL_Driver/Src/stm32h7xx_ll_usb.o
                0x0000000008009e90                USB_DevInit
 .text.USB_FlushTxFifo
                0x000000000800a14c       0x68 ./Drivers/STM32H7xx_HAL_Driver/Src/stm32h7xx_ll_usb.o
                0x000000000800a14c                USB_FlushTxFifo
 .text.USB_FlushRxFifo
                0x000000000800a1b4       0x60 ./Drivers/STM32H7xx_HAL_Driver/Src/stm32h7xx_ll_usb.o
                0x000000000800a1b4                USB_FlushRxFifo
 .text.USB_SetDevSpeed
                0x000000000800a214       0x32 ./Drivers/STM32H7xx_HAL_Driver/Src/stm32h7xx_ll_usb.o
                0x000000000800a214                USB_SetDevSpeed
 .text.USB_DevDisconnect
                0x000000000800a246       0x42 ./Drivers/STM32H7xx_HAL_Driver/Src/stm32h7xx_ll_usb.o
                0x000000000800a246                USB_DevDisconnect
 .text.USB_GetMode
                0x000000000800a288       0x1c ./Drivers/STM32H7xx_HAL_Driver/Src/stm32h7xx_ll_usb.o
                0x000000000800a288                USB_GetMode
 .text.USB_CoreReset
                0x000000000800a2a4       0x68 ./Drivers/STM32H7xx_HAL_Driver/Src/stm32h7xx_ll_usb.o
 .text.__errno  0x000000000800a30c        0xc c:/users/pc/study_doc/vxl/stm32cubeide_1.7.0/stm32cubeide/plugins/com.st.stm32cube.ide.mcu.externaltools.gnu-tools-for-stm32.10.3-2021.10.win32_1.0.100.202210260954/tools/bin/../lib/gcc/arm-none-eabi/10.3.1/../../../../arm-none-eabi/lib/thumb/v7e-m+dp/hard\libc_nano.a(lib_a-errno.o)
                0x000000000800a30c                __errno
 .text.__libc_init_array
                0x000000000800a318       0x48 c:/users/pc/study_doc/vxl/stm32cubeide_1.7.0/stm32cubeide/plugins/com.st.stm32cube.ide.mcu.externaltools.gnu-tools-for-stm32.10.3-2021.10.win32_1.0.100.202210260954/tools/bin/../lib/gcc/arm-none-eabi/10.3.1/../../../../arm-none-eabi/lib/thumb/v7e-m+dp/hard\libc_nano.a(lib_a-init.o)
                0x000000000800a318                __libc_init_array
 .text.memset   0x000000000800a360       0x10 c:/users/pc/study_doc/vxl/stm32cubeide_1.7.0/stm32cubeide/plugins/com.st.stm32cube.ide.mcu.externaltools.gnu-tools-for-stm32.10.3-2021.10.win32_1.0.100.202210260954/tools/bin/../lib/gcc/arm-none-eabi/10.3.1/../../../../arm-none-eabi/lib/thumb/v7e-m+dp/hard\libc_nano.a(lib_a-memset.o)
                0x000000000800a360                memset
 .text.sprintf  0x000000000800a370       0x40 c:/users/pc/study_doc/vxl/stm32cubeide_1.7.0/stm32cubeide/plugins/com.st.stm32cube.ide.mcu.externaltools.gnu-tools-for-stm32.10.3-2021.10.win32_1.0.100.202210260954/tools/bin/../lib/gcc/arm-none-eabi/10.3.1/../../../../arm-none-eabi/lib/thumb/v7e-m+dp/hard\libc_nano.a(lib_a-sprintf.o)
                0x000000000800a370                siprintf
                0x000000000800a370                sprintf
 .text.strcpy   0x000000000800a3b0       0x10 c:/users/pc/study_doc/vxl/stm32cubeide_1.7.0/stm32cubeide/plugins/com.st.stm32cube.ide.mcu.externaltools.gnu-tools-for-stm32.10.3-2021.10.win32_1.0.100.202210260954/tools/bin/../lib/gcc/arm-none-eabi/10.3.1/../../../../arm-none-eabi/lib/thumb/v7e-m+dp/hard\libc_nano.a(lib_a-strcpy.o)
                0x000000000800a3b0                strcpy
 .text.__ssputs_r
                0x000000000800a3c0       0xb6 c:/users/pc/study_doc/vxl/stm32cubeide_1.7.0/stm32cubeide/plugins/com.st.stm32cube.ide.mcu.externaltools.gnu-tools-for-stm32.10.3-2021.10.win32_1.0.100.202210260954/tools/bin/../lib/gcc/arm-none-eabi/10.3.1/../../../../arm-none-eabi/lib/thumb/v7e-m+dp/hard\libc_nano.a(lib_a-nano-svfprintf.o)
                0x000000000800a3c0                __ssputs_r
 *fill*         0x000000000800a476        0x2 
 .text._svfprintf_r
                0x000000000800a478      0x200 c:/users/pc/study_doc/vxl/stm32cubeide_1.7.0/stm32cubeide/plugins/com.st.stm32cube.ide.mcu.externaltools.gnu-tools-for-stm32.10.3-2021.10.win32_1.0.100.202210260954/tools/bin/../lib/gcc/arm-none-eabi/10.3.1/../../../../arm-none-eabi/lib/thumb/v7e-m+dp/hard\libc_nano.a(lib_a-nano-svfprintf.o)
                0x000000000800a478                _svfiprintf_r
                0x000000000800a478                _svfprintf_r
 .text._printf_common
                0x000000000800a678       0xda c:/users/pc/study_doc/vxl/stm32cubeide_1.7.0/stm32cubeide/plugins/com.st.stm32cube.ide.mcu.externaltools.gnu-tools-for-stm32.10.3-2021.10.win32_1.0.100.202210260954/tools/bin/../lib/gcc/arm-none-eabi/10.3.1/../../../../arm-none-eabi/lib/thumb/v7e-m+dp/hard\libc_nano.a(lib_a-nano-vfprintf_i.o)
                0x000000000800a678                _printf_common
 *fill*         0x000000000800a752        0x2 
 .text._printf_i
                0x000000000800a754      0x24c c:/users/pc/study_doc/vxl/stm32cubeide_1.7.0/stm32cubeide/plugins/com.st.stm32cube.ide.mcu.externaltools.gnu-tools-for-stm32.10.3-2021.10.win32_1.0.100.202210260954/tools/bin/../lib/gcc/arm-none-eabi/10.3.1/../../../../arm-none-eabi/lib/thumb/v7e-m+dp/hard\libc_nano.a(lib_a-nano-vfprintf_i.o)
                0x000000000800a754                _printf_i
 .text.memcpy   0x000000000800a9a0       0x1c c:/users/pc/study_doc/vxl/stm32cubeide_1.7.0/stm32cubeide/plugins/com.st.stm32cube.ide.mcu.externaltools.gnu-tools-for-stm32.10.3-2021.10.win32_1.0.100.202210260954/tools/bin/../lib/gcc/arm-none-eabi/10.3.1/../../../../arm-none-eabi/lib/thumb/v7e-m+dp/hard\libc_nano.a(lib_a-memcpy-stub.o)
                0x000000000800a9a0                memcpy
 .text.memmove  0x000000000800a9bc       0x34 c:/users/pc/study_doc/vxl/stm32cubeide_1.7.0/stm32cubeide/plugins/com.st.stm32cube.ide.mcu.externaltools.gnu-tools-for-stm32.10.3-2021.10.win32_1.0.100.202210260954/tools/bin/../lib/gcc/arm-none-eabi/10.3.1/../../../../arm-none-eabi/lib/thumb/v7e-m+dp/hard\libc_nano.a(lib_a-memmove.o)
                0x000000000800a9bc                memmove
 .text._free_r  0x000000000800a9f0       0x98 c:/users/pc/study_doc/vxl/stm32cubeide_1.7.0/stm32cubeide/plugins/com.st.stm32cube.ide.mcu.externaltools.gnu-tools-for-stm32.10.3-2021.10.win32_1.0.100.202210260954/tools/bin/../lib/gcc/arm-none-eabi/10.3.1/../../../../arm-none-eabi/lib/thumb/v7e-m+dp/hard\libc_nano.a(lib_a-nano-freer.o)
                0x000000000800a9f0                _free_r
 .text.sbrk_aligned
                0x000000000800aa88       0x40 c:/users/pc/study_doc/vxl/stm32cubeide_1.7.0/stm32cubeide/plugins/com.st.stm32cube.ide.mcu.externaltools.gnu-tools-for-stm32.10.3-2021.10.win32_1.0.100.202210260954/tools/bin/../lib/gcc/arm-none-eabi/10.3.1/../../../../arm-none-eabi/lib/thumb/v7e-m+dp/hard\libc_nano.a(lib_a-nano-mallocr.o)
 .text._malloc_r
                0x000000000800aac8       0xe8 c:/users/pc/study_doc/vxl/stm32cubeide_1.7.0/stm32cubeide/plugins/com.st.stm32cube.ide.mcu.externaltools.gnu-tools-for-stm32.10.3-2021.10.win32_1.0.100.202210260954/tools/bin/../lib/gcc/arm-none-eabi/10.3.1/../../../../arm-none-eabi/lib/thumb/v7e-m+dp/hard\libc_nano.a(lib_a-nano-mallocr.o)
                0x000000000800aac8                _malloc_r
 .text._realloc_r
                0x000000000800abb0       0x5e c:/users/pc/study_doc/vxl/stm32cubeide_1.7.0/stm32cubeide/plugins/com.st.stm32cube.ide.mcu.externaltools.gnu-tools-for-stm32.10.3-2021.10.win32_1.0.100.202210260954/tools/bin/../lib/gcc/arm-none-eabi/10.3.1/../../../../arm-none-eabi/lib/thumb/v7e-m+dp/hard\libc_nano.a(lib_a-nano-reallocr.o)
                0x000000000800abb0                _realloc_r
 *fill*         0x000000000800ac0e        0x2 
 .text._sbrk_r  0x000000000800ac10       0x20 c:/users/pc/study_doc/vxl/stm32cubeide_1.7.0/stm32cubeide/plugins/com.st.stm32cube.ide.mcu.externaltools.gnu-tools-for-stm32.10.3-2021.10.win32_1.0.100.202210260954/tools/bin/../lib/gcc/arm-none-eabi/10.3.1/../../../../arm-none-eabi/lib/thumb/v7e-m+dp/hard\libc_nano.a(lib_a-sbrkr.o)
                0x000000000800ac10                _sbrk_r
 .text.__malloc_lock
                0x000000000800ac30        0xc c:/users/pc/study_doc/vxl/stm32cubeide_1.7.0/stm32cubeide/plugins/com.st.stm32cube.ide.mcu.externaltools.gnu-tools-for-stm32.10.3-2021.10.win32_1.0.100.202210260954/tools/bin/../lib/gcc/arm-none-eabi/10.3.1/../../../../arm-none-eabi/lib/thumb/v7e-m+dp/hard\libc_nano.a(lib_a-mlock.o)
                0x000000000800ac30                __malloc_lock
 .text.__malloc_unlock
                0x000000000800ac3c        0xc c:/users/pc/study_doc/vxl/stm32cubeide_1.7.0/stm32cubeide/plugins/com.st.stm32cube.ide.mcu.externaltools.gnu-tools-for-stm32.10.3-2021.10.win32_1.0.100.202210260954/tools/bin/../lib/gcc/arm-none-eabi/10.3.1/../../../../arm-none-eabi/lib/thumb/v7e-m+dp/hard\libc_nano.a(lib_a-mlock.o)
                0x000000000800ac3c                __malloc_unlock
 .text._malloc_usable_size_r
                0x000000000800ac48       0x10 c:/users/pc/study_doc/vxl/stm32cubeide_1.7.0/stm32cubeide/plugins/com.st.stm32cube.ide.mcu.externaltools.gnu-tools-for-stm32.10.3-2021.10.win32_1.0.100.202210260954/tools/bin/../lib/gcc/arm-none-eabi/10.3.1/../../../../arm-none-eabi/lib/thumb/v7e-m+dp/hard\libc_nano.a(lib_a-nano-msizer.o)
                0x000000000800ac48                _malloc_usable_size_r
 .text.__retarget_lock_acquire_recursive
                0x000000000800ac58        0x2 c:/users/pc/study_doc/vxl/stm32cubeide_1.7.0/stm32cubeide/plugins/com.st.stm32cube.ide.mcu.externaltools.gnu-tools-for-stm32.10.3-2021.10.win32_1.0.100.202210260954/tools/bin/../lib/gcc/arm-none-eabi/10.3.1/../../../../arm-none-eabi/lib/thumb/v7e-m+dp/hard\libc_nano.a(lib_a-lock.o)
                0x000000000800ac58                __retarget_lock_acquire_recursive
 .text.__retarget_lock_release_recursive
                0x000000000800ac5a        0x2 c:/users/pc/study_doc/vxl/stm32cubeide_1.7.0/stm32cubeide/plugins/com.st.stm32cube.ide.mcu.externaltools.gnu-tools-for-stm32.10.3-2021.10.win32_1.0.100.202210260954/tools/bin/../lib/gcc/arm-none-eabi/10.3.1/../../../../arm-none-eabi/lib/thumb/v7e-m+dp/hard\libc_nano.a(lib_a-lock.o)
                0x000000000800ac5a                __retarget_lock_release_recursive
 *(.glue_7)
 .glue_7        0x000000000800ac5c        0x0 linker stubs
 *(.glue_7t)
 .glue_7t       0x000000000800ac5c        0x0 linker stubs
 *(.eh_frame)
 .eh_frame      0x000000000800ac5c        0x0 c:/users/pc/study_doc/vxl/stm32cubeide_1.7.0/stm32cubeide/plugins/com.st.stm32cube.ide.mcu.externaltools.gnu-tools-for-stm32.10.3-2021.10.win32_1.0.100.202210260954/tools/bin/../lib/gcc/arm-none-eabi/10.3.1/thumb/v7e-m+dp/hard/crtbegin.o
 *(.init)
 .init          0x000000000800ac5c        0x4 c:/users/pc/study_doc/vxl/stm32cubeide_1.7.0/stm32cubeide/plugins/com.st.stm32cube.ide.mcu.externaltools.gnu-tools-for-stm32.10.3-2021.10.win32_1.0.100.202210260954/tools/bin/../lib/gcc/arm-none-eabi/10.3.1/thumb/v7e-m+dp/hard/crti.o
                0x000000000800ac5c                _init
 .init          0x000000000800ac60        0x8 c:/users/pc/study_doc/vxl/stm32cubeide_1.7.0/stm32cubeide/plugins/com.st.stm32cube.ide.mcu.externaltools.gnu-tools-for-stm32.10.3-2021.10.win32_1.0.100.202210260954/tools/bin/../lib/gcc/arm-none-eabi/10.3.1/thumb/v7e-m+dp/hard/crtn.o
 *(.fini)
 .fini          0x000000000800ac68        0x4 c:/users/pc/study_doc/vxl/stm32cubeide_1.7.0/stm32cubeide/plugins/com.st.stm32cube.ide.mcu.externaltools.gnu-tools-for-stm32.10.3-2021.10.win32_1.0.100.202210260954/tools/bin/../lib/gcc/arm-none-eabi/10.3.1/thumb/v7e-m+dp/hard/crti.o
                0x000000000800ac68                _fini
 .fini          0x000000000800ac6c        0x8 c:/users/pc/study_doc/vxl/stm32cubeide_1.7.0/stm32cubeide/plugins/com.st.stm32cube.ide.mcu.externaltools.gnu-tools-for-stm32.10.3-2021.10.win32_1.0.100.202210260954/tools/bin/../lib/gcc/arm-none-eabi/10.3.1/thumb/v7e-m+dp/hard/crtn.o
                0x000000000800ac74                . = ALIGN (0x4)
                0x000000000800ac74                _etext = .

.vfp11_veneer   0x000000000800ac74        0x0
 .vfp11_veneer  0x000000000800ac74        0x0 linker stubs

.v4_bx          0x000000000800ac74        0x0
 .v4_bx         0x000000000800ac74        0x0 linker stubs

.iplt           0x000000000800ac74        0x0
 .iplt          0x000000000800ac74        0x0 c:/users/pc/study_doc/vxl/stm32cubeide_1.7.0/stm32cubeide/plugins/com.st.stm32cube.ide.mcu.externaltools.gnu-tools-for-stm32.10.3-2021.10.win32_1.0.100.202210260954/tools/bin/../lib/gcc/arm-none-eabi/10.3.1/thumb/v7e-m+dp/hard/crtbegin.o

.rodata         0x000000000800ac74      0x1ac
                0x000000000800ac74                . = ALIGN (0x4)
 *(.rodata)
 .rodata        0x000000000800ac74       0xbe ./Core/Src/mips.o
 *fill*         0x000000000800ad32        0x2 
 .rodata        0x000000000800ad34       0x7d ./Core/Src/uart.o
 *(.rodata*)
 *fill*         0x000000000800adb1        0x3 
 .rodata.D1CorePrescTable
                0x000000000800adb4       0x10 ./Core/Src/system_stm32h7xx.o
                0x000000000800adb4                D1CorePrescTable
 .rodata.UARTPrescTable
                0x000000000800adc4       0x18 ./Drivers/STM32H7xx_HAL_Driver/Src/stm32h7xx_hal_uart.o
                0x000000000800adc4                UARTPrescTable
 .rodata.numerator.1
                0x000000000800addc        0x8 ./Drivers/STM32H7xx_HAL_Driver/Src/stm32h7xx_hal_uart_ex.o
 .rodata.denominator.0
                0x000000000800ade4        0x8 ./Drivers/STM32H7xx_HAL_Driver/Src/stm32h7xx_hal_uart_ex.o
 .rodata._svfprintf_r.str1.1
                0x000000000800adec       0x11 c:/users/pc/study_doc/vxl/stm32cubeide_1.7.0/stm32cubeide/plugins/com.st.stm32cube.ide.mcu.externaltools.gnu-tools-for-stm32.10.3-2021.10.win32_1.0.100.202210260954/tools/bin/../lib/gcc/arm-none-eabi/10.3.1/../../../../arm-none-eabi/lib/thumb/v7e-m+dp/hard\libc_nano.a(lib_a-nano-svfprintf.o)
 .rodata._printf_i.str1.1
                0x000000000800adfd       0x22 c:/users/pc/study_doc/vxl/stm32cubeide_1.7.0/stm32cubeide/plugins/com.st.stm32cube.ide.mcu.externaltools.gnu-tools-for-stm32.10.3-2021.10.win32_1.0.100.202210260954/tools/bin/../lib/gcc/arm-none-eabi/10.3.1/../../../../arm-none-eabi/lib/thumb/v7e-m+dp/hard\libc_nano.a(lib_a-nano-vfprintf_i.o)
                0x000000000800ae20                . = ALIGN (0x4)
 *fill*         0x000000000800ae1f        0x1 

.ARM.extab
 *(.ARM.extab* .gnu.linkonce.armextab.*)

.ARM            0x000000000800ae20        0x8
                0x000000000800ae20                __exidx_start = .
 *(.ARM.exidx*)
 .ARM.exidx     0x000000000800ae20        0x8 c:/users/pc/study_doc/vxl/stm32cubeide_1.7.0/stm32cubeide/plugins/com.st.stm32cube.ide.mcu.externaltools.gnu-tools-for-stm32.10.3-2021.10.win32_1.0.100.202210260954/tools/bin/../lib/gcc/arm-none-eabi/10.3.1/thumb/v7e-m+dp/hard\libgcc.a(_udivmoddi4.o)
                0x000000000800ae28                __exidx_end = .

.rel.dyn        0x000000000800ae28        0x0
 .rel.iplt      0x000000000800ae28        0x0 c:/users/pc/study_doc/vxl/stm32cubeide_1.7.0/stm32cubeide/plugins/com.st.stm32cube.ide.mcu.externaltools.gnu-tools-for-stm32.10.3-2021.10.win32_1.0.100.202210260954/tools/bin/../lib/gcc/arm-none-eabi/10.3.1/thumb/v7e-m+dp/hard/crtbegin.o

.preinit_array  0x000000000800ae28        0x0
                0x000000000800ae28                PROVIDE (__preinit_array_start = .)
 *(.preinit_array*)
                0x000000000800ae28                PROVIDE (__preinit_array_end = .)

.init_array     0x000000000800ae28        0x4
                0x000000000800ae28                PROVIDE (__init_array_start = .)
 *(SORT_BY_NAME(.init_array.*))
 *(.init_array*)
 .init_array    0x000000000800ae28        0x4 c:/users/pc/study_doc/vxl/stm32cubeide_1.7.0/stm32cubeide/plugins/com.st.stm32cube.ide.mcu.externaltools.gnu-tools-for-stm32.10.3-2021.10.win32_1.0.100.202210260954/tools/bin/../lib/gcc/arm-none-eabi/10.3.1/thumb/v7e-m+dp/hard/crtbegin.o
                0x000000000800ae2c                PROVIDE (__init_array_end = .)

.fini_array     0x000000000800ae2c        0x4
                [!provide]                        PROVIDE (__fini_array_start = .)
 *(SORT_BY_NAME(.fini_array.*))
 *(.fini_array*)
 .fini_array    0x000000000800ae2c        0x4 c:/users/pc/study_doc/vxl/stm32cubeide_1.7.0/stm32cubeide/plugins/com.st.stm32cube.ide.mcu.externaltools.gnu-tools-for-stm32.10.3-2021.10.win32_1.0.100.202210260954/tools/bin/../lib/gcc/arm-none-eabi/10.3.1/thumb/v7e-m+dp/hard/crtbegin.o
                [!provide]                        PROVIDE (__fini_array_end = .)
                0x000000000800ae30                _sidata = LOADADDR (.data)

.data           0x0000000024000000       0x84 load address 0x000000000800ae30
                0x0000000024000000                . = ALIGN (0x4)
                0x0000000024000000                _sdata = .
 *(.data)
 *(.data*)
 .data.buffer   0x0000000024000000        0xf ./Core/Src/main.o
                0x0000000024000000                buffer
 *fill*         0x000000002400000f        0x1 
 .data.SystemCoreClock
                0x0000000024000010        0x4 ./Core/Src/system_stm32h7xx.o
                0x0000000024000010                SystemCoreClock
 .data.SystemD2Clock
                0x0000000024000014        0x4 ./Core/Src/system_stm32h7xx.o
                0x0000000024000014                SystemD2Clock
 .data.uwTickPrio
                0x0000000024000018        0x4 ./Drivers/STM32H7xx_HAL_Driver/Src/stm32h7xx_hal.o
                0x0000000024000018                uwTickPrio
 .data.uwTickFreq
                0x000000002400001c        0x1 ./Drivers/STM32H7xx_HAL_Driver/Src/stm32h7xx_hal.o
                0x000000002400001c                uwTickFreq
 *fill*         0x000000002400001d        0x3 
 .data._impure_ptr
                0x0000000024000020        0x4 c:/users/pc/study_doc/vxl/stm32cubeide_1.7.0/stm32cubeide/plugins/com.st.stm32cube.ide.mcu.externaltools.gnu-tools-for-stm32.10.3-2021.10.win32_1.0.100.202210260954/tools/bin/../lib/gcc/arm-none-eabi/10.3.1/../../../../arm-none-eabi/lib/thumb/v7e-m+dp/hard\libc_nano.a(lib_a-impure.o)
                0x0000000024000020                _impure_ptr
 .data.impure_data
                0x0000000024000024       0x60 c:/users/pc/study_doc/vxl/stm32cubeide_1.7.0/stm32cubeide/plugins/com.st.stm32cube.ide.mcu.externaltools.gnu-tools-for-stm32.10.3-2021.10.win32_1.0.100.202210260954/tools/bin/../lib/gcc/arm-none-eabi/10.3.1/../../../../arm-none-eabi/lib/thumb/v7e-m+dp/hard\libc_nano.a(lib_a-impure.o)
 *(.RamFunc)
 *(.RamFunc*)
                0x0000000024000084                . = ALIGN (0x4)
                0x0000000024000084                _edata = .

.igot.plt       0x0000000024000084        0x0 load address 0x000000000800aeb4
 .igot.plt      0x0000000024000084        0x0 c:/users/pc/study_doc/vxl/stm32cubeide_1.7.0/stm32cubeide/plugins/com.st.stm32cube.ide.mcu.externaltools.gnu-tools-for-stm32.10.3-2021.10.win32_1.0.100.202210260954/tools/bin/../lib/gcc/arm-none-eabi/10.3.1/thumb/v7e-m+dp/hard/crtbegin.o

.RxDecripSection
                0x0000000024000084       0x60 load address 0x000000000800aeb4
 .RxDecripSection
                0x0000000024000084       0x60 ./Core/Src/main.o
                0x0000000024000084                DMARxDscrTab

.TxDecripSection
                0x00000000240000e4       0x60 load address 0x000000000800af14
 .TxDecripSection
                0x00000000240000e4       0x60 ./Core/Src/main.o
                0x00000000240000e4                DMATxDscrTab
                0x0000000024000144                . = ALIGN (0x4)

.bss            0x0000000024000144     0x1438 load address 0x000000000800af74
                0x0000000024000144                _sbss = .
                0x0000000024000144                __bss_start__ = _sbss
 *(.bss)
 .bss           0x0000000024000144       0x1c c:/users/pc/study_doc/vxl/stm32cubeide_1.7.0/stm32cubeide/plugins/com.st.stm32cube.ide.mcu.externaltools.gnu-tools-for-stm32.10.3-2021.10.win32_1.0.100.202210260954/tools/bin/../lib/gcc/arm-none-eabi/10.3.1/thumb/v7e-m+dp/hard/crtbegin.o
 *(.bss*)
 .bss.TxConfig  0x0000000024000160       0x38 ./Core/Src/main.o
                0x0000000024000160                TxConfig
 .bss.heth      0x0000000024000198       0xb0 ./Core/Src/main.o
                0x0000000024000198                heth
 .bss.huart3    0x0000000024000248       0x94 ./Core/Src/main.o
                0x0000000024000248                huart3
 .bss.hpcd_USB_OTG_FS
                0x00000000240002dc      0x50c ./Core/Src/main.o
                0x00000000240002dc                hpcd_USB_OTG_FS
 .bss.temp      0x00000000240007e8        0x1 ./Core/Src/main.o
                0x00000000240007e8                temp
 *fill*         0x00000000240007e9        0x3 
 .bss.buffer_index
                0x00000000240007ec        0x4 ./Core/Src/main.o
                0x00000000240007ec                buffer_index
 .bss.receive_flag
                0x00000000240007f0        0x4 ./Core/Src/main.o
                0x00000000240007f0                receive_flag
 .bss.cmdStr    0x00000000240007f4       0x20 ./Core/Src/main.o
                0x00000000240007f4                cmdStr
 .bss.MACAddr.0
                0x0000000024000814        0x6 ./Core/Src/main.o
 *fill*         0x000000002400081a        0x2 
 .bss.MIPS_reg  0x000000002400081c       0x80 ./Core/Src/mips.o
                0x000000002400081c                MIPS_reg
 .bss.instruction_queue
                0x000000002400089c      0xc80 ./Core/Src/mips.o
                0x000000002400089c                instruction_queue
 .bss.inst_num  0x000000002400151c        0x4 ./Core/Src/mips.o
                0x000000002400151c                inst_num
 .bss.pc        0x0000000024001520        0x4 ./Core/Src/mips.o
                0x0000000024001520                pc
 .bss.writeStr1
                0x0000000024001524       0x32 ./Core/Src/mips.o
                0x0000000024001524                writeStr1
 *fill*         0x0000000024001556        0x2 
 .bss.__sbrk_heap_end
                0x0000000024001558        0x4 ./Core/Src/sysmem.o
 .bss.cmdParserState
                0x000000002400155c        0x1 ./Core/Src/uart.o
                0x000000002400155c                cmdParserState
 *fill*         0x000000002400155d        0x3 
 .bss.idx       0x0000000024001560        0x4 ./Core/Src/uart.o
                0x0000000024001560                idx
 .bss.CMD_flag  0x0000000024001564        0x4 ./Core/Src/uart.o
                0x0000000024001564                CMD_flag
 .bss.uwTick    0x0000000024001568        0x4 ./Drivers/STM32H7xx_HAL_Driver/Src/stm32h7xx_hal.o
                0x0000000024001568                uwTick
 .bss.__malloc_free_list
                0x000000002400156c        0x4 c:/users/pc/study_doc/vxl/stm32cubeide_1.7.0/stm32cubeide/plugins/com.st.stm32cube.ide.mcu.externaltools.gnu-tools-for-stm32.10.3-2021.10.win32_1.0.100.202210260954/tools/bin/../lib/gcc/arm-none-eabi/10.3.1/../../../../arm-none-eabi/lib/thumb/v7e-m+dp/hard\libc_nano.a(lib_a-nano-mallocr.o)
                0x000000002400156c                __malloc_free_list
 .bss.__malloc_sbrk_start
                0x0000000024001570        0x4 c:/users/pc/study_doc/vxl/stm32cubeide_1.7.0/stm32cubeide/plugins/com.st.stm32cube.ide.mcu.externaltools.gnu-tools-for-stm32.10.3-2021.10.win32_1.0.100.202210260954/tools/bin/../lib/gcc/arm-none-eabi/10.3.1/../../../../arm-none-eabi/lib/thumb/v7e-m+dp/hard\libc_nano.a(lib_a-nano-mallocr.o)
                0x0000000024001570                __malloc_sbrk_start
 .bss.errno     0x0000000024001574        0x4 c:/users/pc/study_doc/vxl/stm32cubeide_1.7.0/stm32cubeide/plugins/com.st.stm32cube.ide.mcu.externaltools.gnu-tools-for-stm32.10.3-2021.10.win32_1.0.100.202210260954/tools/bin/../lib/gcc/arm-none-eabi/10.3.1/../../../../arm-none-eabi/lib/thumb/v7e-m+dp/hard\libc_nano.a(lib_a-reent.o)
                0x0000000024001574                errno
 .bss.__lock___malloc_recursive_mutex
                0x0000000024001578        0x1 c:/users/pc/study_doc/vxl/stm32cubeide_1.7.0/stm32cubeide/plugins/com.st.stm32cube.ide.mcu.externaltools.gnu-tools-for-stm32.10.3-2021.10.win32_1.0.100.202210260954/tools/bin/../lib/gcc/arm-none-eabi/10.3.1/../../../../arm-none-eabi/lib/thumb/v7e-m+dp/hard\libc_nano.a(lib_a-lock.o)
                0x0000000024001578                __lock___malloc_recursive_mutex
 *(COMMON)
                0x000000002400157c                . = ALIGN (0x4)
 *fill*         0x0000000024001579        0x3 
                0x000000002400157c                _ebss = .
                0x000000002400157c                __bss_end__ = _ebss

._user_heap_stack
                0x000000002400157c      0x604 load address 0x000000000800af74
                0x0000000024001580                . = ALIGN (0x8)
 *fill*         0x000000002400157c        0x4 
                [!provide]                        PROVIDE (end = .)
                0x0000000024001580                PROVIDE (_end = .)
                0x0000000024001780                . = (. + _Min_Heap_Size)
 *fill*         0x0000000024001580      0x200 
                0x0000000024001b80                . = (. + _Min_Stack_Size)
 *fill*         0x0000000024001780      0x400 
                0x0000000024001b80                . = ALIGN (0x8)

/DISCARD/
 libc.a(*)
 libm.a(*)
 libgcc.a(*)

.ARM.attributes
                0x0000000000000000       0x2e
 *(.ARM.attributes)
 .ARM.attributes
                0x0000000000000000       0x1e c:/users/pc/study_doc/vxl/stm32cubeide_1.7.0/stm32cubeide/plugins/com.st.stm32cube.ide.mcu.externaltools.gnu-tools-for-stm32.10.3-2021.10.win32_1.0.100.202210260954/tools/bin/../lib/gcc/arm-none-eabi/10.3.1/thumb/v7e-m+dp/hard/crti.o
 .ARM.attributes
                0x000000000000001e       0x32 c:/users/pc/study_doc/vxl/stm32cubeide_1.7.0/stm32cubeide/plugins/com.st.stm32cube.ide.mcu.externaltools.gnu-tools-for-stm32.10.3-2021.10.win32_1.0.100.202210260954/tools/bin/../lib/gcc/arm-none-eabi/10.3.1/thumb/v7e-m+dp/hard/crtbegin.o
 .ARM.attributes
                0x0000000000000050       0x32 ./Core/Src/main.o
 .ARM.attributes
                0x0000000000000082       0x32 ./Core/Src/mips.o
 .ARM.attributes
                0x00000000000000b4       0x32 ./Core/Src/stm32h7xx_hal_msp.o
 .ARM.attributes
                0x00000000000000e6       0x32 ./Core/Src/stm32h7xx_it.o
 .ARM.attributes
                0x0000000000000118       0x32 ./Core/Src/sysmem.o
 .ARM.attributes
                0x000000000000014a       0x32 ./Core/Src/system_stm32h7xx.o
 .ARM.attributes
                0x000000000000017c       0x32 ./Core/Src/uart.o
 .ARM.attributes
                0x00000000000001ae       0x21 ./Core/Startup/startup_stm32h743zitx.o
 .ARM.attributes
                0x00000000000001cf       0x32 ./Drivers/STM32H7xx_HAL_Driver/Src/stm32h7xx_hal.o
 .ARM.attributes
                0x0000000000000201       0x32 ./Drivers/STM32H7xx_HAL_Driver/Src/stm32h7xx_hal_cortex.o
 .ARM.attributes
                0x0000000000000233       0x32 ./Drivers/STM32H7xx_HAL_Driver/Src/stm32h7xx_hal_dma.o
 .ARM.attributes
                0x0000000000000265       0x32 ./Drivers/STM32H7xx_HAL_Driver/Src/stm32h7xx_hal_eth.o
 .ARM.attributes
                0x0000000000000297       0x32 ./Drivers/STM32H7xx_HAL_Driver/Src/stm32h7xx_hal_gpio.o
 .ARM.attributes
                0x00000000000002c9       0x32 ./Drivers/STM32H7xx_HAL_Driver/Src/stm32h7xx_hal_pcd.o
 .ARM.attributes
                0x00000000000002fb       0x32 ./Drivers/STM32H7xx_HAL_Driver/Src/stm32h7xx_hal_pcd_ex.o
 .ARM.attributes
                0x000000000000032d       0x32 ./Drivers/STM32H7xx_HAL_Driver/Src/stm32h7xx_hal_pwr_ex.o
 .ARM.attributes
                0x000000000000035f       0x32 ./Drivers/STM32H7xx_HAL_Driver/Src/stm32h7xx_hal_rcc.o
 .ARM.attributes
                0x0000000000000391       0x32 ./Drivers/STM32H7xx_HAL_Driver/Src/stm32h7xx_hal_rcc_ex.o
 .ARM.attributes
                0x00000000000003c3       0x32 ./Drivers/STM32H7xx_HAL_Driver/Src/stm32h7xx_hal_uart.o
 .ARM.attributes
                0x00000000000003f5       0x32 ./Drivers/STM32H7xx_HAL_Driver/Src/stm32h7xx_hal_uart_ex.o
 .ARM.attributes
                0x0000000000000427       0x32 ./Drivers/STM32H7xx_HAL_Driver/Src/stm32h7xx_ll_usb.o
 .ARM.attributes
                0x0000000000000459       0x32 c:/users/pc/study_doc/vxl/stm32cubeide_1.7.0/stm32cubeide/plugins/com.st.stm32cube.ide.mcu.externaltools.gnu-tools-for-stm32.10.3-2021.10.win32_1.0.100.202210260954/tools/bin/../lib/gcc/arm-none-eabi/10.3.1/../../../../arm-none-eabi/lib/thumb/v7e-m+dp/hard\libc_nano.a(lib_a-errno.o)
 .ARM.attributes
                0x000000000000048b       0x32 c:/users/pc/study_doc/vxl/stm32cubeide_1.7.0/stm32cubeide/plugins/com.st.stm32cube.ide.mcu.externaltools.gnu-tools-for-stm32.10.3-2021.10.win32_1.0.100.202210260954/tools/bin/../lib/gcc/arm-none-eabi/10.3.1/../../../../arm-none-eabi/lib/thumb/v7e-m+dp/hard\libc_nano.a(lib_a-impure.o)
 .ARM.attributes
                0x00000000000004bd       0x32 c:/users/pc/study_doc/vxl/stm32cubeide_1.7.0/stm32cubeide/plugins/com.st.stm32cube.ide.mcu.externaltools.gnu-tools-for-stm32.10.3-2021.10.win32_1.0.100.202210260954/tools/bin/../lib/gcc/arm-none-eabi/10.3.1/../../../../arm-none-eabi/lib/thumb/v7e-m+dp/hard\libc_nano.a(lib_a-init.o)
 .ARM.attributes
                0x00000000000004ef       0x32 c:/users/pc/study_doc/vxl/stm32cubeide_1.7.0/stm32cubeide/plugins/com.st.stm32cube.ide.mcu.externaltools.gnu-tools-for-stm32.10.3-2021.10.win32_1.0.100.202210260954/tools/bin/../lib/gcc/arm-none-eabi/10.3.1/../../../../arm-none-eabi/lib/thumb/v7e-m+dp/hard\libc_nano.a(lib_a-memset.o)
 .ARM.attributes
                0x0000000000000521       0x32 c:/users/pc/study_doc/vxl/stm32cubeide_1.7.0/stm32cubeide/plugins/com.st.stm32cube.ide.mcu.externaltools.gnu-tools-for-stm32.10.3-2021.10.win32_1.0.100.202210260954/tools/bin/../lib/gcc/arm-none-eabi/10.3.1/../../../../arm-none-eabi/lib/thumb/v7e-m+dp/hard\libc_nano.a(lib_a-sprintf.o)
 .ARM.attributes
                0x0000000000000553       0x1c c:/users/pc/study_doc/vxl/stm32cubeide_1.7.0/stm32cubeide/plugins/com.st.stm32cube.ide.mcu.externaltools.gnu-tools-for-stm32.10.3-2021.10.win32_1.0.100.202210260954/tools/bin/../lib/gcc/arm-none-eabi/10.3.1/../../../../arm-none-eabi/lib/thumb/v7e-m+dp/hard\libc_nano.a(lib_a-strcmp.o)
 .ARM.attributes
                0x000000000000056f       0x32 c:/users/pc/study_doc/vxl/stm32cubeide_1.7.0/stm32cubeide/plugins/com.st.stm32cube.ide.mcu.externaltools.gnu-tools-for-stm32.10.3-2021.10.win32_1.0.100.202210260954/tools/bin/../lib/gcc/arm-none-eabi/10.3.1/../../../../arm-none-eabi/lib/thumb/v7e-m+dp/hard\libc_nano.a(lib_a-strcpy.o)
 .ARM.attributes
                0x00000000000005a1       0x17 c:/users/pc/study_doc/vxl/stm32cubeide_1.7.0/stm32cubeide/plugins/com.st.stm32cube.ide.mcu.externaltools.gnu-tools-for-stm32.10.3-2021.10.win32_1.0.100.202210260954/tools/bin/../lib/gcc/arm-none-eabi/10.3.1/../../../../arm-none-eabi/lib/thumb/v7e-m+dp/hard\libc_nano.a(lib_a-strlen.o)
 .ARM.attributes
                0x00000000000005b8       0x32 c:/users/pc/study_doc/vxl/stm32cubeide_1.7.0/stm32cubeide/plugins/com.st.stm32cube.ide.mcu.externaltools.gnu-tools-for-stm32.10.3-2021.10.win32_1.0.100.202210260954/tools/bin/../lib/gcc/arm-none-eabi/10.3.1/../../../../arm-none-eabi/lib/thumb/v7e-m+dp/hard\libc_nano.a(lib_a-nano-svfprintf.o)
 .ARM.attributes
                0x00000000000005ea       0x32 c:/users/pc/study_doc/vxl/stm32cubeide_1.7.0/stm32cubeide/plugins/com.st.stm32cube.ide.mcu.externaltools.gnu-tools-for-stm32.10.3-2021.10.win32_1.0.100.202210260954/tools/bin/../lib/gcc/arm-none-eabi/10.3.1/../../../../arm-none-eabi/lib/thumb/v7e-m+dp/hard\libc_nano.a(lib_a-nano-vfprintf_i.o)
 .ARM.attributes
                0x000000000000061c       0x1c c:/users/pc/study_doc/vxl/stm32cubeide_1.7.0/stm32cubeide/plugins/com.st.stm32cube.ide.mcu.externaltools.gnu-tools-for-stm32.10.3-2021.10.win32_1.0.100.202210260954/tools/bin/../lib/gcc/arm-none-eabi/10.3.1/../../../../arm-none-eabi/lib/thumb/v7e-m+dp/hard\libc_nano.a(lib_a-memchr.o)
 .ARM.attributes
                0x0000000000000638       0x32 c:/users/pc/study_doc/vxl/stm32cubeide_1.7.0/stm32cubeide/plugins/com.st.stm32cube.ide.mcu.externaltools.gnu-tools-for-stm32.10.3-2021.10.win32_1.0.100.202210260954/tools/bin/../lib/gcc/arm-none-eabi/10.3.1/../../../../arm-none-eabi/lib/thumb/v7e-m+dp/hard\libc_nano.a(lib_a-memcpy-stub.o)
 .ARM.attributes
                0x000000000000066a       0x32 c:/users/pc/study_doc/vxl/stm32cubeide_1.7.0/stm32cubeide/plugins/com.st.stm32cube.ide.mcu.externaltools.gnu-tools-for-stm32.10.3-2021.10.win32_1.0.100.202210260954/tools/bin/../lib/gcc/arm-none-eabi/10.3.1/../../../../arm-none-eabi/lib/thumb/v7e-m+dp/hard\libc_nano.a(lib_a-memmove.o)
 .ARM.attributes
                0x000000000000069c       0x32 c:/users/pc/study_doc/vxl/stm32cubeide_1.7.0/stm32cubeide/plugins/com.st.stm32cube.ide.mcu.externaltools.gnu-tools-for-stm32.10.3-2021.10.win32_1.0.100.202210260954/tools/bin/../lib/gcc/arm-none-eabi/10.3.1/../../../../arm-none-eabi/lib/thumb/v7e-m+dp/hard\libc_nano.a(lib_a-nano-freer.o)
 .ARM.attributes
                0x00000000000006ce       0x32 c:/users/pc/study_doc/vxl/stm32cubeide_1.7.0/stm32cubeide/plugins/com.st.stm32cube.ide.mcu.externaltools.gnu-tools-for-stm32.10.3-2021.10.win32_1.0.100.202210260954/tools/bin/../lib/gcc/arm-none-eabi/10.3.1/../../../../arm-none-eabi/lib/thumb/v7e-m+dp/hard\libc_nano.a(lib_a-nano-mallocr.o)
 .ARM.attributes
                0x0000000000000700       0x32 c:/users/pc/study_doc/vxl/stm32cubeide_1.7.0/stm32cubeide/plugins/com.st.stm32cube.ide.mcu.externaltools.gnu-tools-for-stm32.10.3-2021.10.win32_1.0.100.202210260954/tools/bin/../lib/gcc/arm-none-eabi/10.3.1/../../../../arm-none-eabi/lib/thumb/v7e-m+dp/hard\libc_nano.a(lib_a-nano-reallocr.o)
 .ARM.attributes
                0x0000000000000732       0x32 c:/users/pc/study_doc/vxl/stm32cubeide_1.7.0/stm32cubeide/plugins/com.st.stm32cube.ide.mcu.externaltools.gnu-tools-for-stm32.10.3-2021.10.win32_1.0.100.202210260954/tools/bin/../lib/gcc/arm-none-eabi/10.3.1/../../../../arm-none-eabi/lib/thumb/v7e-m+dp/hard\libc_nano.a(lib_a-sbrkr.o)
 .ARM.attributes
                0x0000000000000764       0x32 c:/users/pc/study_doc/vxl/stm32cubeide_1.7.0/stm32cubeide/plugins/com.st.stm32cube.ide.mcu.externaltools.gnu-tools-for-stm32.10.3-2021.10.win32_1.0.100.202210260954/tools/bin/../lib/gcc/arm-none-eabi/10.3.1/../../../../arm-none-eabi/lib/thumb/v7e-m+dp/hard\libc_nano.a(lib_a-mlock.o)
 .ARM.attributes
                0x0000000000000796       0x32 c:/users/pc/study_doc/vxl/stm32cubeide_1.7.0/stm32cubeide/plugins/com.st.stm32cube.ide.mcu.externaltools.gnu-tools-for-stm32.10.3-2021.10.win32_1.0.100.202210260954/tools/bin/../lib/gcc/arm-none-eabi/10.3.1/../../../../arm-none-eabi/lib/thumb/v7e-m+dp/hard\libc_nano.a(lib_a-nano-msizer.o)
 .ARM.attributes
                0x00000000000007c8       0x32 c:/users/pc/study_doc/vxl/stm32cubeide_1.7.0/stm32cubeide/plugins/com.st.stm32cube.ide.mcu.externaltools.gnu-tools-for-stm32.10.3-2021.10.win32_1.0.100.202210260954/tools/bin/../lib/gcc/arm-none-eabi/10.3.1/../../../../arm-none-eabi/lib/thumb/v7e-m+dp/hard\libc_nano.a(lib_a-reent.o)
 .ARM.attributes
                0x00000000000007fa       0x32 c:/users/pc/study_doc/vxl/stm32cubeide_1.7.0/stm32cubeide/plugins/com.st.stm32cube.ide.mcu.externaltools.gnu-tools-for-stm32.10.3-2021.10.win32_1.0.100.202210260954/tools/bin/../lib/gcc/arm-none-eabi/10.3.1/../../../../arm-none-eabi/lib/thumb/v7e-m+dp/hard\libc_nano.a(lib_a-lock.o)
 .ARM.attributes
                0x000000000000082c       0x1e c:/users/pc/study_doc/vxl/stm32cubeide_1.7.0/stm32cubeide/plugins/com.st.stm32cube.ide.mcu.externaltools.gnu-tools-for-stm32.10.3-2021.10.win32_1.0.100.202210260954/tools/bin/../lib/gcc/arm-none-eabi/10.3.1/thumb/v7e-m+dp/hard\libgcc.a(_aeabi_uldivmod.o)
 .ARM.attributes
                0x000000000000084a       0x32 c:/users/pc/study_doc/vxl/stm32cubeide_1.7.0/stm32cubeide/plugins/com.st.stm32cube.ide.mcu.externaltools.gnu-tools-for-stm32.10.3-2021.10.win32_1.0.100.202210260954/tools/bin/../lib/gcc/arm-none-eabi/10.3.1/thumb/v7e-m+dp/hard\libgcc.a(_udivmoddi4.o)
 .ARM.attributes
                0x000000000000087c       0x1e c:/users/pc/study_doc/vxl/stm32cubeide_1.7.0/stm32cubeide/plugins/com.st.stm32cube.ide.mcu.externaltools.gnu-tools-for-stm32.10.3-2021.10.win32_1.0.100.202210260954/tools/bin/../lib/gcc/arm-none-eabi/10.3.1/thumb/v7e-m+dp/hard\libgcc.a(_dvmd_tls.o)
 .ARM.attributes
                0x000000000000089a       0x1e c:/users/pc/study_doc/vxl/stm32cubeide_1.7.0/stm32cubeide/plugins/com.st.stm32cube.ide.mcu.externaltools.gnu-tools-for-stm32.10.3-2021.10.win32_1.0.100.202210260954/tools/bin/../lib/gcc/arm-none-eabi/10.3.1/thumb/v7e-m+dp/hard/crtn.o
OUTPUT(MIPS_Emulator.elf elf32-littlearm)
LOAD linker stubs
LOAD c:/users/pc/study_doc/vxl/stm32cubeide_1.7.0/stm32cubeide/plugins/com.st.stm32cube.ide.mcu.externaltools.gnu-tools-for-stm32.10.3-2021.10.win32_1.0.100.202210260954/tools/bin/../lib/gcc/arm-none-eabi/10.3.1/../../../../arm-none-eabi/lib/thumb/v7e-m+dp/hard\libc.a
LOAD c:/users/pc/study_doc/vxl/stm32cubeide_1.7.0/stm32cubeide/plugins/com.st.stm32cube.ide.mcu.externaltools.gnu-tools-for-stm32.10.3-2021.10.win32_1.0.100.202210260954/tools/bin/../lib/gcc/arm-none-eabi/10.3.1/../../../../arm-none-eabi/lib/thumb/v7e-m+dp/hard\libm.a
LOAD c:/users/pc/study_doc/vxl/stm32cubeide_1.7.0/stm32cubeide/plugins/com.st.stm32cube.ide.mcu.externaltools.gnu-tools-for-stm32.10.3-2021.10.win32_1.0.100.202210260954/tools/bin/../lib/gcc/arm-none-eabi/10.3.1/thumb/v7e-m+dp/hard\libgcc.a

.debug_info     0x0000000000000000    0x1c0f2
 .debug_info    0x0000000000000000     0x2b12 ./Core/Src/main.o
 .debug_info    0x0000000000002b12     0x12e2 ./Core/Src/mips.o
 .debug_info    0x0000000000003df4     0x2a07 ./Core/Src/stm32h7xx_hal_msp.o
 .debug_info    0x00000000000067fb      0x871 ./Core/Src/stm32h7xx_it.o
 .debug_info    0x000000000000706c      0x171 ./Core/Src/sysmem.o
 .debug_info    0x00000000000071dd      0xd07 ./Core/Src/system_stm32h7xx.o
 .debug_info    0x0000000000007ee4      0x96f ./Core/Src/uart.o
 .debug_info    0x0000000000008853       0x22 ./Core/Startup/startup_stm32h743zitx.o
 .debug_info    0x0000000000008875     0x15d7 ./Drivers/STM32H7xx_HAL_Driver/Src/stm32h7xx_hal.o
 .debug_info    0x0000000000009e4c     0x116d ./Drivers/STM32H7xx_HAL_Driver/Src/stm32h7xx_hal_cortex.o
 .debug_info    0x000000000000afb9      0xcd5 ./Drivers/STM32H7xx_HAL_Driver/Src/stm32h7xx_hal_dma.o
 .debug_info    0x000000000000bc8e     0x2b55 ./Drivers/STM32H7xx_HAL_Driver/Src/stm32h7xx_hal_eth.o
 .debug_info    0x000000000000e7e3      0xd28 ./Drivers/STM32H7xx_HAL_Driver/Src/stm32h7xx_hal_gpio.o
 .debug_info    0x000000000000f50b     0x169e ./Drivers/STM32H7xx_HAL_Driver/Src/stm32h7xx_hal_pcd.o
 .debug_info    0x0000000000010ba9      0x913 ./Drivers/STM32H7xx_HAL_Driver/Src/stm32h7xx_hal_pcd_ex.o
 .debug_info    0x00000000000114bc     0x109d ./Drivers/STM32H7xx_HAL_Driver/Src/stm32h7xx_hal_pwr_ex.o
 .debug_info    0x0000000000012559      0xf4a ./Drivers/STM32H7xx_HAL_Driver/Src/stm32h7xx_hal_rcc.o
 .debug_info    0x00000000000134a3     0x12d9 ./Drivers/STM32H7xx_HAL_Driver/Src/stm32h7xx_hal_rcc_ex.o
 .debug_info    0x000000000001477c     0x4dca ./Drivers/STM32H7xx_HAL_Driver/Src/stm32h7xx_hal_uart.o
 .debug_info    0x0000000000019546     0x105a ./Drivers/STM32H7xx_HAL_Driver/Src/stm32h7xx_hal_uart_ex.o
 .debug_info    0x000000000001a5a0     0x1b52 ./Drivers/STM32H7xx_HAL_Driver/Src/stm32h7xx_ll_usb.o

.debug_abbrev   0x0000000000000000     0x2f47
 .debug_abbrev  0x0000000000000000      0x341 ./Core/Src/main.o
 .debug_abbrev  0x0000000000000341      0x274 ./Core/Src/mips.o
 .debug_abbrev  0x00000000000005b5      0x287 ./Core/Src/stm32h7xx_hal_msp.o
 .debug_abbrev  0x000000000000083c      0x166 ./Core/Src/stm32h7xx_it.o
 .debug_abbrev  0x00000000000009a2       0xbb ./Core/Src/sysmem.o
 .debug_abbrev  0x0000000000000a5d      0x147 ./Core/Src/system_stm32h7xx.o
 .debug_abbrev  0x0000000000000ba4      0x1c6 ./Core/Src/uart.o
 .debug_abbrev  0x0000000000000d6a       0x12 ./Core/Startup/startup_stm32h743zitx.o
 .debug_abbrev  0x0000000000000d7c      0x289 ./Drivers/STM32H7xx_HAL_Driver/Src/stm32h7xx_hal.o
 .debug_abbrev  0x0000000000001005      0x329 ./Drivers/STM32H7xx_HAL_Driver/Src/stm32h7xx_hal_cortex.o
 .debug_abbrev  0x000000000000132e      0x239 ./Drivers/STM32H7xx_HAL_Driver/Src/stm32h7xx_hal_dma.o
 .debug_abbrev  0x0000000000001567      0x2bd ./Drivers/STM32H7xx_HAL_Driver/Src/stm32h7xx_hal_eth.o
 .debug_abbrev  0x0000000000001824      0x1ec ./Drivers/STM32H7xx_HAL_Driver/Src/stm32h7xx_hal_gpio.o
 .debug_abbrev  0x0000000000001a10      0x2d2 ./Drivers/STM32H7xx_HAL_Driver/Src/stm32h7xx_hal_pcd.o
 .debug_abbrev  0x0000000000001ce2      0x24a ./Drivers/STM32H7xx_HAL_Driver/Src/stm32h7xx_hal_pcd_ex.o
 .debug_abbrev  0x0000000000001f2c      0x28f ./Drivers/STM32H7xx_HAL_Driver/Src/stm32h7xx_hal_pwr_ex.o
 .debug_abbrev  0x00000000000021bb      0x2b8 ./Drivers/STM32H7xx_HAL_Driver/Src/stm32h7xx_hal_rcc.o
 .debug_abbrev  0x0000000000002473      0x25c ./Drivers/STM32H7xx_HAL_Driver/Src/stm32h7xx_hal_rcc_ex.o
 .debug_abbrev  0x00000000000026cf      0x325 ./Drivers/STM32H7xx_HAL_Driver/Src/stm32h7xx_hal_uart.o
 .debug_abbrev  0x00000000000029f4      0x2bd ./Drivers/STM32H7xx_HAL_Driver/Src/stm32h7xx_hal_uart_ex.o
 .debug_abbrev  0x0000000000002cb1      0x296 ./Drivers/STM32H7xx_HAL_Driver/Src/stm32h7xx_ll_usb.o

.debug_aranges  0x0000000000000000     0x1078
 .debug_aranges
                0x0000000000000000       0x58 ./Core/Src/main.o
 .debug_aranges
                0x0000000000000058       0x40 ./Core/Src/mips.o
 .debug_aranges
                0x0000000000000098       0x50 ./Core/Src/stm32h7xx_hal_msp.o
 .debug_aranges
                0x00000000000000e8       0x68 ./Core/Src/stm32h7xx_it.o
 .debug_aranges
                0x0000000000000150       0x20 ./Core/Src/sysmem.o
 .debug_aranges
                0x0000000000000170       0x28 ./Core/Src/system_stm32h7xx.o
 .debug_aranges
                0x0000000000000198       0x28 ./Core/Src/uart.o
 .debug_aranges
                0x00000000000001c0       0x28 ./Core/Startup/startup_stm32h743zitx.o
 .debug_aranges
                0x00000000000001e8      0x198 ./Drivers/STM32H7xx_HAL_Driver/Src/stm32h7xx_hal.o
 .debug_aranges
                0x0000000000000380      0x120 ./Drivers/STM32H7xx_HAL_Driver/Src/stm32h7xx_hal_cortex.o
 .debug_aranges
                0x00000000000004a0       0xa0 ./Drivers/STM32H7xx_HAL_Driver/Src/stm32h7xx_hal_dma.o
 .debug_aranges
                0x0000000000000540      0x1d8 ./Drivers/STM32H7xx_HAL_Driver/Src/stm32h7xx_hal_eth.o
 .debug_aranges
                0x0000000000000718       0x58 ./Drivers/STM32H7xx_HAL_Driver/Src/stm32h7xx_hal_gpio.o
 .debug_aranges
                0x0000000000000770      0x140 ./Drivers/STM32H7xx_HAL_Driver/Src/stm32h7xx_hal_pcd.o
 .debug_aranges
                0x00000000000008b0       0x60 ./Drivers/STM32H7xx_HAL_Driver/Src/stm32h7xx_hal_pcd_ex.o
 .debug_aranges
                0x0000000000000910      0x158 ./Drivers/STM32H7xx_HAL_Driver/Src/stm32h7xx_hal_pwr_ex.o
 .debug_aranges
                0x0000000000000a68       0x88 ./Drivers/STM32H7xx_HAL_Driver/Src/stm32h7xx_hal_rcc.o
 .debug_aranges
                0x0000000000000af0       0xf8 ./Drivers/STM32H7xx_HAL_Driver/Src/stm32h7xx_hal_rcc_ex.o
 .debug_aranges
                0x0000000000000be8      0x248 ./Drivers/STM32H7xx_HAL_Driver/Src/stm32h7xx_hal_uart.o
 .debug_aranges
                0x0000000000000e30       0xa8 ./Drivers/STM32H7xx_HAL_Driver/Src/stm32h7xx_hal_uart_ex.o
 .debug_aranges
                0x0000000000000ed8      0x1a0 ./Drivers/STM32H7xx_HAL_Driver/Src/stm32h7xx_ll_usb.o

.debug_ranges   0x0000000000000000      0xf60
 .debug_ranges  0x0000000000000000       0x48 ./Core/Src/main.o
 .debug_ranges  0x0000000000000048       0x30 ./Core/Src/mips.o
 .debug_ranges  0x0000000000000078       0x40 ./Core/Src/stm32h7xx_hal_msp.o
 .debug_ranges  0x00000000000000b8       0x58 ./Core/Src/stm32h7xx_it.o
 .debug_ranges  0x0000000000000110       0x10 ./Core/Src/sysmem.o
 .debug_ranges  0x0000000000000120       0x18 ./Core/Src/system_stm32h7xx.o
 .debug_ranges  0x0000000000000138       0x18 ./Core/Src/uart.o
 .debug_ranges  0x0000000000000150       0x20 ./Core/Startup/startup_stm32h743zitx.o
 .debug_ranges  0x0000000000000170      0x188 ./Drivers/STM32H7xx_HAL_Driver/Src/stm32h7xx_hal.o
 .debug_ranges  0x00000000000002f8      0x110 ./Drivers/STM32H7xx_HAL_Driver/Src/stm32h7xx_hal_cortex.o
 .debug_ranges  0x0000000000000408       0x90 ./Drivers/STM32H7xx_HAL_Driver/Src/stm32h7xx_hal_dma.o
 .debug_ranges  0x0000000000000498      0x1c8 ./Drivers/STM32H7xx_HAL_Driver/Src/stm32h7xx_hal_eth.o
 .debug_ranges  0x0000000000000660       0x48 ./Drivers/STM32H7xx_HAL_Driver/Src/stm32h7xx_hal_gpio.o
 .debug_ranges  0x00000000000006a8      0x130 ./Drivers/STM32H7xx_HAL_Driver/Src/stm32h7xx_hal_pcd.o
 .debug_ranges  0x00000000000007d8       0x50 ./Drivers/STM32H7xx_HAL_Driver/Src/stm32h7xx_hal_pcd_ex.o
 .debug_ranges  0x0000000000000828      0x148 ./Drivers/STM32H7xx_HAL_Driver/Src/stm32h7xx_hal_pwr_ex.o
 .debug_ranges  0x0000000000000970       0x78 ./Drivers/STM32H7xx_HAL_Driver/Src/stm32h7xx_hal_rcc.o
 .debug_ranges  0x00000000000009e8       0xe8 ./Drivers/STM32H7xx_HAL_Driver/Src/stm32h7xx_hal_rcc_ex.o
 .debug_ranges  0x0000000000000ad0      0x268 ./Drivers/STM32H7xx_HAL_Driver/Src/stm32h7xx_hal_uart.o
 .debug_ranges  0x0000000000000d38       0x98 ./Drivers/STM32H7xx_HAL_Driver/Src/stm32h7xx_hal_uart_ex.o
 .debug_ranges  0x0000000000000dd0      0x190 ./Drivers/STM32H7xx_HAL_Driver/Src/stm32h7xx_ll_usb.o

.debug_macro    0x0000000000000000    0x37e02
 .debug_macro   0x0000000000000000      0x31d ./Core/Src/main.o
 .debug_macro   0x000000000000031d      0xa90 ./Core/Src/main.o
 .debug_macro   0x0000000000000dad      0x23e ./Core/Src/main.o
 .debug_macro   0x0000000000000feb       0x2e ./Core/Src/main.o
 .debug_macro   0x0000000000001019       0x3b ./Core/Src/main.o
 .debug_macro   0x0000000000001054       0x22 ./Core/Src/main.o
 .debug_macro   0x0000000000001076       0x8e ./Core/Src/main.o
 .debug_macro   0x0000000000001104       0x51 ./Core/Src/main.o
 .debug_macro   0x0000000000001155      0x103 ./Core/Src/main.o
 .debug_macro   0x0000000000001258       0x6a ./Core/Src/main.o
 .debug_macro   0x00000000000012c2      0x1df ./Core/Src/main.o
 .debug_macro   0x00000000000014a1       0x1c ./Core/Src/main.o
 .debug_macro   0x00000000000014bd       0x22 ./Core/Src/main.o
 .debug_macro   0x00000000000014df       0xfb ./Core/Src/main.o
 .debug_macro   0x00000000000015da     0x1305 ./Core/Src/main.o
 .debug_macro   0x00000000000028df      0x11f ./Core/Src/main.o
 .debug_macro   0x00000000000029fe       0x27 ./Core/Src/main.o
 .debug_macro   0x0000000000002a25    0x25882 ./Core/Src/main.o
 .debug_macro   0x00000000000282a7       0x6d ./Core/Src/main.o
 .debug_macro   0x0000000000028314     0x3d5d ./Core/Src/main.o
 .debug_macro   0x000000000002c071      0x174 ./Core/Src/main.o
 .debug_macro   0x000000000002c1e5       0x52 ./Core/Src/main.o
 .debug_macro   0x000000000002c237       0x1d ./Core/Src/main.o
 .debug_macro   0x000000000002c254       0x3c ./Core/Src/main.o
 .debug_macro   0x000000000002c290       0x34 ./Core/Src/main.o
 .debug_macro   0x000000000002c2c4       0x16 ./Core/Src/main.o
 .debug_macro   0x000000000002c2da       0x43 ./Core/Src/main.o
 .debug_macro   0x000000000002c31d       0x34 ./Core/Src/main.o
 .debug_macro   0x000000000002c351       0x10 ./Core/Src/main.o
 .debug_macro   0x000000000002c361       0x58 ./Core/Src/main.o
 .debug_macro   0x000000000002c3b9       0x71 ./Core/Src/main.o
 .debug_macro   0x000000000002c42a       0x1c ./Core/Src/main.o
 .debug_macro   0x000000000002c446      0x12a ./Core/Src/main.o
 .debug_macro   0x000000000002c570      0x341 ./Core/Src/main.o
 .debug_macro   0x000000000002c8b1      0x19b ./Core/Src/main.o
 .debug_macro   0x000000000002ca4c       0x5d ./Core/Src/main.o
 .debug_macro   0x000000000002caa9     0x2382 ./Core/Src/main.o
 .debug_macro   0x000000000002ee2b     0x102c ./Core/Src/main.o
 .debug_macro   0x000000000002fe57      0x154 ./Core/Src/main.o
 .debug_macro   0x000000000002ffab      0x114 ./Core/Src/main.o
 .debug_macro   0x00000000000300bf      0x3b2 ./Core/Src/main.o
 .debug_macro   0x0000000000030471       0xac ./Core/Src/main.o
 .debug_macro   0x000000000003051d      0x72d ./Core/Src/main.o
 .debug_macro   0x0000000000030c4a      0x228 ./Core/Src/main.o
 .debug_macro   0x0000000000030e72       0x66 ./Core/Src/main.o
 .debug_macro   0x0000000000030ed8      0x3bb ./Core/Src/main.o
 .debug_macro   0x0000000000031293      0xa80 ./Core/Src/main.o
 .debug_macro   0x0000000000031d13      0x129 ./Core/Src/main.o
 .debug_macro   0x0000000000031e3c      0x3e4 ./Core/Src/main.o
 .debug_macro   0x0000000000032220      0x275 ./Core/Src/main.o
 .debug_macro   0x0000000000032495      0x3ca ./Core/Src/main.o
 .debug_macro   0x000000000003285f      0x408 ./Core/Src/main.o
 .debug_macro   0x0000000000032c67       0x51 ./Core/Src/main.o
 .debug_macro   0x0000000000032cb8       0x4a ./Core/Src/main.o
 .debug_macro   0x0000000000032d02      0x22c ./Core/Src/main.o
 .debug_macro   0x0000000000032f2e       0x67 ./Core/Src/main.o
 .debug_macro   0x0000000000032f95       0xa5 ./Core/Src/main.o
 .debug_macro   0x000000000003303a      0x1c4 ./Core/Src/main.o
 .debug_macro   0x00000000000331fe      0x25e ./Core/Src/main.o
 .debug_macro   0x000000000003345c       0x35 ./Core/Src/main.o
 .debug_macro   0x0000000000033491      0x693 ./Core/Src/main.o
 .debug_macro   0x0000000000033b24       0xa6 ./Core/Src/main.o
 .debug_macro   0x0000000000033bca      0x264 ./Core/Src/main.o
 .debug_macro   0x0000000000033e2e       0x90 ./Core/Src/main.o
 .debug_macro   0x0000000000033ebe      0x5a0 ./Core/Src/main.o
 .debug_macro   0x000000000003445e       0x64 ./Core/Src/main.o
 .debug_macro   0x00000000000344c2       0x16 ./Core/Src/main.o
 .debug_macro   0x00000000000344d8       0x35 ./Core/Src/main.o
 .debug_macro   0x000000000003450d       0x20 ./Core/Src/main.o
 .debug_macro   0x000000000003452d       0x10 ./Core/Src/main.o
 .debug_macro   0x000000000003453d      0x3b8 ./Core/Src/mips.o
 .debug_macro   0x00000000000348f5      0x2da ./Core/Src/stm32h7xx_hal_msp.o
 .debug_macro   0x0000000000034bcf      0x2e4 ./Core/Src/stm32h7xx_it.o
 .debug_macro   0x0000000000034eb3       0xff ./Core/Src/sysmem.o
 .debug_macro   0x0000000000034fb2      0x23b ./Core/Src/sysmem.o
 .debug_macro   0x00000000000351ed      0x2cb ./Core/Src/system_stm32h7xx.o
 .debug_macro   0x00000000000354b8      0x324 ./Core/Src/uart.o
 .debug_macro   0x00000000000357dc      0x2f5 ./Drivers/STM32H7xx_HAL_Driver/Src/stm32h7xx_hal.o
 .debug_macro   0x0000000000035ad1      0x2cb ./Drivers/STM32H7xx_HAL_Driver/Src/stm32h7xx_hal_cortex.o
 .debug_macro   0x0000000000035d9c      0x31f ./Drivers/STM32H7xx_HAL_Driver/Src/stm32h7xx_hal_dma.o
 .debug_macro   0x00000000000360bb      0x35f ./Drivers/STM32H7xx_HAL_Driver/Src/stm32h7xx_hal_eth.o
 .debug_macro   0x000000000003641a      0x2d2 ./Drivers/STM32H7xx_HAL_Driver/Src/stm32h7xx_hal_gpio.o
 .debug_macro   0x00000000000366ec      0x2d7 ./Drivers/STM32H7xx_HAL_Driver/Src/stm32h7xx_hal_pcd.o
 .debug_macro   0x00000000000369c3      0x2cb ./Drivers/STM32H7xx_HAL_Driver/Src/stm32h7xx_hal_pcd_ex.o
 .debug_macro   0x0000000000036c8e      0x304 ./Drivers/STM32H7xx_HAL_Driver/Src/stm32h7xx_hal_pwr_ex.o
 .debug_macro   0x0000000000036f92      0x2ef ./Drivers/STM32H7xx_HAL_Driver/Src/stm32h7xx_hal_rcc.o
 .debug_macro   0x0000000000037281      0x2e9 ./Drivers/STM32H7xx_HAL_Driver/Src/stm32h7xx_hal_rcc_ex.o
 .debug_macro   0x000000000003756a      0x2f6 ./Drivers/STM32H7xx_HAL_Driver/Src/stm32h7xx_hal_uart.o
 .debug_macro   0x0000000000037860      0x2d7 ./Drivers/STM32H7xx_HAL_Driver/Src/stm32h7xx_hal_uart_ex.o
 .debug_macro   0x0000000000037b37      0x2cb ./Drivers/STM32H7xx_HAL_Driver/Src/stm32h7xx_ll_usb.o

.debug_line     0x0000000000000000    0x1998a
 .debug_line    0x0000000000000000      0xc4d ./Core/Src/main.o
 .debug_line    0x0000000000000c4d     0x10e9 ./Core/Src/mips.o
 .debug_line    0x0000000000001d36      0xb4c ./Core/Src/stm32h7xx_hal_msp.o
 .debug_line    0x0000000000002882      0xacf ./Core/Src/stm32h7xx_it.o
 .debug_line    0x0000000000003351      0x64c ./Core/Src/sysmem.o
 .debug_line    0x000000000000399d      0xba4 ./Core/Src/system_stm32h7xx.o
 .debug_line    0x0000000000004541      0xb07 ./Core/Src/uart.o
 .debug_line    0x0000000000005048       0x88 ./Core/Startup/startup_stm32h743zitx.o
 .debug_line    0x00000000000050d0      0xfa2 ./Drivers/STM32H7xx_HAL_Driver/Src/stm32h7xx_hal.o
 .debug_line    0x0000000000006072      0xfa8 ./Drivers/STM32H7xx_HAL_Driver/Src/stm32h7xx_hal_cortex.o
 .debug_line    0x000000000000701a     0x28f1 ./Drivers/STM32H7xx_HAL_Driver/Src/stm32h7xx_hal_dma.o
 .debug_line    0x000000000000990b     0x1ce8 ./Drivers/STM32H7xx_HAL_Driver/Src/stm32h7xx_hal_eth.o
 .debug_line    0x000000000000b5f3      0xe65 ./Drivers/STM32H7xx_HAL_Driver/Src/stm32h7xx_hal_gpio.o
 .debug_line    0x000000000000c458     0x177a ./Drivers/STM32H7xx_HAL_Driver/Src/stm32h7xx_hal_pcd.o
 .debug_line    0x000000000000dbd2      0xbc4 ./Drivers/STM32H7xx_HAL_Driver/Src/stm32h7xx_hal_pcd_ex.o
 .debug_line    0x000000000000e796     0x10bc ./Drivers/STM32H7xx_HAL_Driver/Src/stm32h7xx_hal_pwr_ex.o
 .debug_line    0x000000000000f852     0x1572 ./Drivers/STM32H7xx_HAL_Driver/Src/stm32h7xx_hal_rcc.o
 .debug_line    0x0000000000010dc4     0x1e40 ./Drivers/STM32H7xx_HAL_Driver/Src/stm32h7xx_hal_rcc_ex.o
 .debug_line    0x0000000000012c04     0x3fff ./Drivers/STM32H7xx_HAL_Driver/Src/stm32h7xx_hal_uart.o
 .debug_line    0x0000000000016c03     0x1040 ./Drivers/STM32H7xx_HAL_Driver/Src/stm32h7xx_hal_uart_ex.o
 .debug_line    0x0000000000017c43     0x1d47 ./Drivers/STM32H7xx_HAL_Driver/Src/stm32h7xx_ll_usb.o

.debug_str      0x0000000000000000   0x15e654
 .debug_str     0x0000000000000000   0x158194 ./Core/Src/main.o
                                     0x158704 (size before relaxing)
 .debug_str     0x0000000000158194      0x296 ./Core/Src/mips.o
                                     0x157546 (size before relaxing)
 .debug_str     0x000000000015842a      0xbe4 ./Core/Src/stm32h7xx_hal_msp.o
                                     0x158da6 (size before relaxing)
 .debug_str     0x000000000015900e       0xef ./Core/Src/stm32h7xx_it.o
                                     0x157283 (size before relaxing)
 .debug_str     0x00000000001590fd      0x4da ./Core/Src/sysmem.o
                                       0x5de6 (size before relaxing)
 .debug_str     0x00000000001595d7      0x330 ./Core/Src/system_stm32h7xx.o
                                     0x156ff1 (size before relaxing)
 .debug_str     0x0000000000159907       0x51 ./Core/Src/uart.o
                                     0x15732c (size before relaxing)
 .debug_str     0x0000000000159958       0x36 ./Core/Startup/startup_stm32h743zitx.o
                                         0x5f (size before relaxing)
 .debug_str     0x000000000015998e      0x7f9 ./Drivers/STM32H7xx_HAL_Driver/Src/stm32h7xx_hal.o
                                     0x157f07 (size before relaxing)
 .debug_str     0x000000000015a187      0x322 ./Drivers/STM32H7xx_HAL_Driver/Src/stm32h7xx_hal_cortex.o
                                     0x15790a (size before relaxing)
 .debug_str     0x000000000015a4a9      0x890 ./Drivers/STM32H7xx_HAL_Driver/Src/stm32h7xx_hal_dma.o
                                     0x15772b (size before relaxing)
 .debug_str     0x000000000015ad39      0xfe5 ./Drivers/STM32H7xx_HAL_Driver/Src/stm32h7xx_hal_eth.o
                                     0x15882c (size before relaxing)
 .debug_str     0x000000000015bd1e       0xd9 ./Drivers/STM32H7xx_HAL_Driver/Src/stm32h7xx_hal_gpio.o
                                     0x156fa8 (size before relaxing)
 .debug_str     0x000000000015bdf7      0x805 ./Drivers/STM32H7xx_HAL_Driver/Src/stm32h7xx_hal_pcd.o
                                     0x15775c (size before relaxing)
 .debug_str     0x000000000015c5fc      0x174 ./Drivers/STM32H7xx_HAL_Driver/Src/stm32h7xx_hal_pcd_ex.o
                                     0x1570fa (size before relaxing)
 .debug_str     0x000000000015c770      0x61f ./Drivers/STM32H7xx_HAL_Driver/Src/stm32h7xx_hal_pwr_ex.o
                                     0x157469 (size before relaxing)
 .debug_str     0x000000000015cd8f      0x21a ./Drivers/STM32H7xx_HAL_Driver/Src/stm32h7xx_hal_rcc.o
                                     0x15738c (size before relaxing)
 .debug_str     0x000000000015cfa9      0x64b ./Drivers/STM32H7xx_HAL_Driver/Src/stm32h7xx_hal_rcc_ex.o
                                     0x15786d (size before relaxing)